BL51 BANKED LINKER/LOCATER V6.22                                                        08/10/2017  10:00:40  PAGE 1


BL51 BANKED LINKER/LOCATER V6.22, INVOKED BY:
C:\KEIL\C51\BIN\BL51.EXE Utility.obj, Uart.obj, I2C.obj, IAP.obj, PWM.obj, SPI.obj, Timer.obj, WiiClassicController.obj,
>>  LCM12864.obj, CTRInterface.obj, SaveData.obj, NRF24L01.obj, Controller.obj, UC1701X.obj, IST3932.obj, SSD1306.obj, m
>> ain.obj, ModuleConnect.obj, ModuleCountdown.obj, ModuleGeneric.obj, ModuleConfigMenu.obj, ModuleKeyMapping.obj, Modul
>> eAnalogMapping.obj, ModuleAnalogCalibration.obj, ModuleTurboSetting.obj TO 3DSWiiPlus REGFILE (.\3DSWiiPlus.ORC) RAMS
>> IZE (256)


MEMORY MODEL: SMALL


INPUT MODULES INCLUDED:
  Utility.obj (UTILITY)
  Uart.obj (UART)
  I2C.obj (I2C)
  IAP.obj (IAP)
  PWM.obj (PWM)
  SPI.obj (SPI)
  Timer.obj (TIMER)
  WiiClassicController.obj (WIICLASSICCONTROLLER)
  LCM12864.obj (LCM12864)
  CTRInterface.obj (CTRINTERFACE)
  SaveData.obj (SAVEDATA)
  NRF24L01.obj (NRF24L01)
  Controller.obj (CONTROLLER)
  UC1701X.obj (UC1701X)
  IST3932.obj (IST3932)
  SSD1306.obj (SSD1306)
  main.obj (MAIN)
  ModuleConnect.obj (MODULECONNECT)
  ModuleCountdown.obj (MODULECOUNTDOWN)
  ModuleGeneric.obj (MODULEGENERIC)
  ModuleConfigMenu.obj (MODULECONFIGMENU)
  ModuleKeyMapping.obj (MODULEKEYMAPPING)
  ModuleAnalogMapping.obj (MODULEANALOGMAPPING)
  ModuleAnalogCalibration.obj (MODULEANALOGCALIBRATION)
  ModuleTurboSetting.obj (MODULETURBOSETTING)
  C:\KEIL\C51\LIB\C51S.LIB (?C_STARTUP)
  C:\KEIL\C51\LIB\C51S.LIB (?C?COPY)
  C:\KEIL\C51\LIB\C51S.LIB (?C?CLDPTR)
  C:\KEIL\C51\LIB\C51S.LIB (?C?CLDOPTR)
  C:\KEIL\C51\LIB\C51S.LIB (?C?CSTPTR)
  C:\KEIL\C51\LIB\C51S.LIB (?C?CSTOPTR)
  C:\KEIL\C51\LIB\C51S.LIB (?C?IMUL)
  C:\KEIL\C51\LIB\C51S.LIB (?C?UIDIV)
  C:\KEIL\C51\LIB\C51S.LIB (?C?ILDOPTR)
  C:\KEIL\C51\LIB\C51S.LIB (?C?ICALL)
  C:\KEIL\C51\LIB\C51S.LIB (?C?STRCMP)
  C:\KEIL\C51\LIB\C51S.LIB (?C?STRCPY)
  C:\KEIL\C51\LIB\C51S.LIB (STRLEN)
  C:\KEIL\C51\LIB\C51S.LIB (?C?MEMCMP)
  C:\KEIL\C51\LIB\C51S.LIB (?C?MEMSET)
  C:\KEIL\C51\LIB\C51S.LIB (?C_INIT)


LINK MAP OF MODULE:  3DSWiiPlus (UTILITY)


BL51 BANKED LINKER/LOCATER V6.22                                                      08/10/2017  10:00:40  PAGE 2


            TYPE    BASE      LENGTH    RELOCATION   SEGMENT NAME
            -----------------------------------------------------

            * * * * * * *   D A T A   M E M O R Y   * * * * * * *
            REG     0000H     0008H     ABSOLUTE     "REG BANK 0"
            REG     0008H     0008H     ABSOLUTE     "REG BANK 1"
            DATA    0010H     000AH     UNIT         ?DT?WIICLASSICCONTROLLER
            DATA    001AH     0005H     UNIT         ?DT?_UART_DEC?UART
            DATA    001FH     0001H     UNIT         ?DT?SAVEDATA_RESTORE?SAVEDATA
            BIT     0020H.0   0000H.4   UNIT         _BIT_GROUP_
            BIT     0020H.4   0000H.1   UNIT         ?BI?UART
            BIT     0020H.5   0000H.1   UNIT         ?BI?_LCM12864_DRAWPIXEL?LCM12864
            BIT     0020H.6   0000H.1   UNIT         ?BI?_LCM12864_DRAWLINE?LCM12864
            BIT     0020H.7   0000H.1   UNIT         ?BI?_LCM12864_DRAWCIRCLE?LCM12864
            BIT     0021H.0   0000H.1   UNIT         ?BI?IST3932_SLEEP?IST3932
            BIT     0021H.1   0000H.1   UNIT         ?BI?IST3932_OSC?IST3932
            BIT     0021H.2   0000H.1   UNIT         ?BI?_IST3932_DRAWPIXEL?IST3932
                    0021H.3   0000H.5                *** GAP ***
            DATA    0022H     0033H     UNIT         _DATA_GROUP_
            DATA    0055H     0009H     UNIT         ?DT?_LCM12864_DRAWLINE?LCM12864
            DATA    005EH     0007H     UNIT         ?DT?_UART_RECVBUF?UART
            DATA    0065H     0007H     UNIT         ?DT?TIMER
            DATA    006CH     0005H     UNIT         ?DT?_LCM12864_DRAWCIRCLE?LCM12864
            DATA    0071H     0004H     UNIT         ?DT?_DEC2STRING?UTILITY
            DATA    0075H     0004H     UNIT         ?DT?UART
            DATA    0079H     0003H     UNIT         ?DT?CTRINTERFACE
            DATA    007CH     0003H     UNIT         ?DT?_NRF24L01_SEND?NRF24L01
            DATA    007FH     0001H     UNIT         ?DT?NRF24L01
            IDATA   0080H     0001H     UNIT         ?STACK

            * * * * * * *  X D A T A   M E M O R Y  * * * * * * *
            XDATA   0000H     0420H     UNIT         ?XD?LCM12864
            XDATA   0420H     0200H     UNIT         ?XD?UART
            XDATA   0620H     0021H     UNIT         ?XD?SAVEDATA
            XDATA   0641H     0010H     UNIT         ?XD?I2C
            XDATA   0651H     0001H     UNIT         ?XD?CONTROLLER

            * * * * * * *   C O D E   M E M O R Y   * * * * * * *
            CODE    0000H     0003H     ABSOLUTE     
            CODE    0003H     0008H     UNIT         ?PR?WIICLASSICCONTROLLER_GETRANALOGX?WIICLASSICCONTROLLER
            CODE    000BH     0003H     ABSOLUTE     
            CODE    000EH     0015H     UNIT         ?PR?_IST3932_SETSTARTINGLINE?IST3932
            CODE    0023H     0003H     ABSOLUTE     
            CODE    0026H     1664H     UNIT         ?CO?LCM12864
            CODE    168AH     066FH     UNIT         ?C?LIB_CODE
            CODE    1CF9H     03AFH     UNIT         ?PR?MODULEANALOGCALIBRATION?MODULEANALOGCALIBRATION
            CODE    20A8H     0328H     UNIT         ?PR?CTRINTERFACE_UPDATE?CTRINTERFACE
            CODE    23D0H     01B4H     UNIT         ?PR?MODULETURBOSETTING?MODULETURBOSETTING
            CODE    2584H     01B2H     UNIT         ?PR?_IST3932_DRAWCHAR?IST3932
            CODE    2736H     0174H     UNIT         ?PR?MODULEKEYMAPPING?MODULEKEYMAPPING
            CODE    28AAH     0173H     UNIT         ?PR?MODULEANALOGMAPPING?MODULEANALOGMAPPING
            CODE    2A1DH     014EH     UNIT         ?PR?_IST3932_FILLRECT?IST3932
            CODE    2B6BH     010BH     UNIT         ?PR?MODULECONFIGMENU?MODULECONFIGMENU
            CODE    2C76H     00CDH     UNIT         ?PR?_LCM12864_DRAWLINE?LCM12864
            CODE    2D43H     00C6H     UNIT         ?CO?MODULETURBOSETTING
            CODE    2E09H     00C3H     UNIT         ?PR?_LCM12864_DRAWCIRCLE?LCM12864
            CODE    2ECCH     00BBH     UNIT         ?PR?WIICLASSICCONTROLLER_INIT?WIICLASSICCONTROLLER
BL51 BANKED LINKER/LOCATER V6.22                                                      08/10/2017  10:00:40  PAGE 3


            CODE    2F87H     00B1H     UNIT         ?PR?SAVEDATA_READ?SAVEDATA
            CODE    3038H     00B0H     UNIT         ?PR?WIICLASSICCONTROLLER_GETDATA?WIICLASSICCONTROLLER
            CODE    30E8H     00ADH     UNIT         ?PR?IST3932
            CODE    3195H     008CH     UNIT         ?C_C51STARTUP
            CODE    3221H     008BH     UNIT         ?PR?_LCM12864_DRAWSTRINGIDX?LCM12864
            CODE    32ACH     0087H     UNIT         ?PR?_LCM12864_DRAWSTRING?LCM12864
            CODE    3333H     0086H     UNIT         ?PR?_DEC2STRING?UTILITY
            CODE    33B9H     0084H     UNIT         ?PR?_I2C_GETS?I2C
            CODE    343DH     0084H     UNIT         ?PR?MAIN?MAIN
            CODE    34C1H     0076H     UNIT         ?CO?WIICLASSICCONTROLLER
            CODE    3537H     0074H     UNIT         ?PR?_I2C_PUTS?I2C
            CODE    35ABH     0073H     UNIT         ?PR?INIT?MODULEKEYMAPPING
            CODE    361EH     006FH     UNIT         ?PR?LCM12864
            CODE    368DH     0066H     UNIT         ?PR?_UART_RECVBUF?UART
            CODE    36F3H     0065H     UNIT         ?PR?_I2C_CHECKSLAVEVALIDITY?I2C
            CODE    3758H     005FH     UNIT         ?PR?CONTROLLER_INIT?CONTROLLER
            CODE    37B7H     005EH     UNIT         ?PR?INIT?MODULEANALOGCALIBRATION
            CODE    3815H     005DH     UNIT         ?PR?MODULECONNECT?MODULECONNECT
            CODE    3872H     0058H     UNIT         ?PR?INIT?MODULEANALOGMAPPING
            CODE    38CAH     0058H     UNIT         ?PR?INIT?MODULETURBOSETTING
            CODE    3922H     0056H     UNIT         ?PR?_NRF24L01_SEND?NRF24L01
            CODE    3978H     0056H     UNIT         ?PR?INIT?MODULECONFIGMENU
            CODE    39CEH     0054H     UNIT         ?PR?_LCM12864_GETSTRLENFROMIDX?LCM12864
            CODE    3A22H     0053H     UNIT         ?PR?_UART_SENDBUF?UART
            CODE    3A75H     0053H     UNIT         ?PR?NRF24L01_CHECK?NRF24L01
            CODE    3AC8H     0047H     UNIT         ?PR?MODULECOUNTDOWN?MODULECOUNTDOWN
            CODE    3B0FH     0046H     UNIT         ?PR?_LCM12864_DRAWCHAR?LCM12864
            CODE    3B55H     0044H     UNIT         ?C_INITSEG
            CODE    3B99H     0044H     UNIT         ?PR?_I2C_ENUMERATEALLDEVICES?I2C
            CODE    3BDDH     0042H     UNIT         ?PR?IST3932_INIT?IST3932
            CODE    3C1FH     0041H     UNIT         ?PR?NRF24L01_TX_MODE?NRF24L01
            CODE    3C60H     0040H     UNIT         ?PR?_IST3932_DRAWPIXEL?IST3932
            CODE    3CA0H     003FH     UNIT         ?PR?UART
            CODE    3CDFH     003EH     UNIT         ?PR?_PWM_SETDUTY?PWM
            CODE    3D1DH     003CH     UNIT         ?PR?SAVEDATA_INIT?SAVEDATA
            CODE    3D59H     003BH     UNIT         ?PR?TIMER0_INTERRUPT?TIMER
            CODE    3D94H     0036H     UNIT         ?PR?_LCM12864_GETIDXFROMASCII?LCM12864
            CODE    3DCAH     0035H     UNIT         ?PR?NRF24L01_RX_MODE?NRF24L01
            CODE    3DFFH     0034H     UNIT         ?PR?INIT?MODULECOUNTDOWN
            CODE    3E33H     0033H     UNIT         ?PR?_HEX2STRING?UTILITY
            CODE    3E66H     0031H     UNIT         ?PR?CTRINTERFACE
            CODE    3E97H     0031H     UNIT         ?PR?SAVEDATA_FLUSH?SAVEDATA
            CODE    3EC8H     0031H     UNIT         ?PR?SAVEDATA
            CODE    3EF9H     0031H     UNIT         ?PR?_NRF24L01_SPI_READ_BUF?NRF24L01
            CODE    3F2AH     0031H     UNIT         ?PR?IST3932_REFRESH?IST3932
            CODE    3F5BH     002FH     UNIT         ?PR?CTRINTERFACE_PREPARE?CTRINTERFACE
            CODE    3F8AH     002FH     UNIT         ?PR?_NRF24L01_SPI_WRITE_BUF?NRF24L01
            CODE    3FB9H     002CH     UNIT         ?PR?MODULEANALOGCALIBRATION
            CODE    3FE5H     0028H     UNIT         ?PR?_NRF24L01_RECV?NRF24L01
            CODE    400DH     0026H     UNIT         ?PR?UART?UART
            CODE    4033H     0025H     UNIT         ?CO?CTRINTERFACE
            CODE    4058H     0025H     UNIT         ?PR?INIT?MAIN
            CODE    407DH     0024H     UNIT         ?PR?UART_INIT?UART
            CODE    40A1H     0024H     UNIT         ?PR?PWM_INIT?PWM
            CODE    40C5H     0024H     UNIT         ?CO?PWM
            CODE    40E9H     0023H     UNIT         ?PR?I2C_READ?I2C
            CODE    410CH     0023H     UNIT         ?PR?I2C_GETACK?I2C
BL51 BANKED LINKER/LOCATER V6.22                                                      08/10/2017  10:00:40  PAGE 4


            CODE    412FH     0022H     UNIT         ?PR?WIICLASSICCONTROLLER
            CODE    4151H     001FH     UNIT         ?PR?I2C_INIT?I2C
            CODE    4170H     001FH     UNIT         ?PR?MODULEKEYMAPPING
            CODE    418FH     001EH     UNIT         ?PR?I2C
            CODE    41ADH     001DH     UNIT         ?PR?UART_FLUSH?UART
            CODE    41CAH     001DH     UNIT         ?PR?IST3932_DRIVERCONTROL?IST3932
            CODE    41E7H     001CH     UNIT         ?PR?MODULETURBOSETTING
            CODE    4203H     001BH     UNIT         ?CO?I2C
            CODE    421EH     0019H     UNIT         ?PR?_DELAY?UTILITY
            CODE    4237H     0018H     UNIT         ?PR?I2C_STOP?I2C
            CODE    424FH     0018H     UNIT         ?PR?CONTROLLER_READ?CONTROLLER
            CODE    4267H     0017H     UNIT         ?PR?UTILITY
            CODE    427EH     0017H     UNIT         ?PR?_I2C_WRITE?I2C
            CODE    4295H     0015H     UNIT         ?PR?_IST3932_SETDUTY?IST3932
            CODE    42AAH     0015H     UNIT         ?PR?_STRLEN?STRLEN
            CODE    42BFH     0014H     UNIT         ?PR?_DELAY10US?UTILITY
            CODE    42D3H     0014H     UNIT         ?PR?_UART_STRING?UART
            CODE    42E7H     0014H     UNIT         ?PR?_UART_DEC?UART
            CODE    42FBH     0014H     UNIT         ?PR?SAVEDATA_RESTORE?SAVEDATA
            CODE    430FH     0014H     UNIT         ?PR?IST3932_BEGINIST?IST3932
            CODE    4323H     0013H     UNIT         ?PR?_UART_SEND?UART
            CODE    4336H     0013H     UNIT         ?PR?_IAP_PROGRAMBYTE?IAP
            CODE    4349H     0013H     UNIT         ?PR?SPI_INIT?SPI
            CODE    435CH     0013H     UNIT         ?PR?TIMER_INIT?TIMER
            CODE    436FH     0013H     UNIT         ?PR?_NRF24L01_SPI_WRITE?NRF24L01
            CODE    4382H     0013H     UNIT         ?PR?_IST3932_SETROW?IST3932
            CODE    4395H     0013H     UNIT         ?PR?_IST3932_SETFRAMECONTROL?IST3932
            CODE    43A8H     0012H     UNIT         ?PR?_PWM_SETCHANNELSTATUS?PWM
            CODE    43BAH     0011H     UNIT         ?PR?_UART_RECV?UART
            CODE    43CBH     0010H     UNIT         ?PR?_IAP_READBYTE?IAP
            CODE    43DBH     0010H     UNIT         ?PR?PWM
            CODE    43EBH     0010H     UNIT         ?PR?_WIICLASSICCONTROLLER_ISKEYDOWN?WIICLASSICCONTROLLER
            CODE    43FBH     0010H     UNIT         ?PR?_WIICLASSICCONTROLLER_ISKEYUP?WIICLASSICCONTROLLER
            CODE    440BH     000FH     UNIT         ?PR?LCM12864_CLEAR?LCM12864
            CODE    441AH     000EH     UNIT         ?PR?_UART_HEX?UART
            CODE    4428H     000DH     UNIT         ?PR?I2C_START?I2C
            CODE    4435H     000DH     UNIT         ?PR?IAP_IDLE?IAP
            CODE    4442H     000DH     UNIT         ?PR?_IAP_ERASESECTOR?IAP
            CODE    444FH     000DH     UNIT         ?PR?_SPI_SENDANDRECEIVE?SPI
            CODE    445CH     000DH     UNIT         ?PR?CTRINTERFACE_INIT?CTRINTERFACE
            CODE    4469H     000DH     UNIT         ?PR?NRF24L01_INIT?NRF24L01
            CODE    4476H     000DH     UNIT         ?PR?_NRF24L01_SPI_READ?NRF24L01
            CODE    4483H     000DH     UNIT         ?PR?IST3932_POWER?IST3932
            CODE    4490H     000DH     UNIT         ?PR?IST3932_SLEEP?IST3932
            CODE    449DH     000DH     UNIT         ?PR?IST3932_OSC?IST3932
            CODE    44AAH     000DH     UNIT         ?PR?IST3932_DISPLAY?IST3932
            CODE    44B7H     000DH     UNIT         ?PR?IST3932_SETINTERLEAVE?IST3932
            CODE    44C4H     000CH     UNIT         ?PR?I2C_DELAY?I2C
            CODE    44D0H     000CH     UNIT         ?PR?I2C_PUTACK?I2C
            CODE    44DCH     000CH     UNIT         ?PR?NRF24L01
            CODE    44E8H     000CH     UNIT         ?PR?_IST3932_SETCONTRAST?IST3932
            CODE    44F4H     000BH     UNIT         ?PR?IAP
            CODE    44FFH     000BH     UNIT         ?PR?_WIICLASSICCONTROLLER_ISKEYHOLD?WIICLASSICCONTROLLER
            CODE    450AH     000BH     UNIT         ?PR?CONTROLLER_ISCONNECTED?CONTROLLER
            CODE    4515H     000BH     UNIT         ?PR?INIT?MODULEGENERIC
            CODE    4520H     000BH     UNIT         ?PR?MODULEGENERIC?MODULEGENERIC
            CODE    452BH     000AH     UNIT         ?PR?PWM_START?PWM
BL51 BANKED LINKER/LOCATER V6.22                                                      08/10/2017  10:00:40  PAGE 5


            CODE    4535H     000AH     UNIT         ?PR?PWM_STOP?PWM
            CODE    453FH     000AH     UNIT         ?PR?_LCM12864_FILLRECT?LCM12864
            CODE    4549H     000AH     UNIT         ?PR?MODULEANALOGMAPPING
            CODE    4553H     0009H     UNIT         ?PR?_TIMER_SETINTERVAL?TIMER
            CODE    455CH     0009H     UNIT         ?PR?WIICLASSICCONTROLLER_READ?WIICLASSICCONTROLLER
            CODE    4565H     0009H     UNIT         ?PR?LCM12864_INIT?LCM12864
            CODE    456EH     0009H     UNIT         ?PR?_IST3932_SETBIAS?IST3932
            CODE    4577H     0009H     UNIT         ?PR?_IST3932_SETCOL?IST3932
            CODE    4580H     0008H     UNIT         ?PR?WIICLASSICCONTROLLER_GETRANALOGY?WIICLASSICCONTROLLER
            CODE    4588H     0008H     UNIT         ?PR?SAVEDATA_DUMP?SAVEDATA
            CODE    4590H     0008H     UNIT         ?CO?SAVEDATA
            CODE    4598H     0008H     UNIT         ?CO?NRF24L01
            CODE    45A0H     0008H     UNIT         ?CO?CONTROLLER
            CODE    45A8H     0007H     UNIT         ?PR?_TIMER_SETCALLBACK?TIMER
            CODE    45AFH     0007H     UNIT         ?PR?WIICLASSICCONTROLLER_GETPTR?WIICLASSICCONTROLLER
            CODE    45B6H     0007H     UNIT         ?PR?_LCM12864_SENDCOMMAND?LCM12864
            CODE    45BDH     0007H     UNIT         ?PR?_LCM12864_SENDDATA?LCM12864
            CODE    45C4H     0007H     UNIT         ?PR?_LCM12864_DRAWPIXEL?LCM12864
            CODE    45CBH     0006H     UNIT         ?PR?WIICLASSICCONTROLLER_GETLANALOGX?WIICLASSICCONTROLLER
            CODE    45D1H     0006H     UNIT         ?PR?WIICLASSICCONTROLLER_GETLANALOGY?WIICLASSICCONTROLLER
            CODE    45D7H     0005H     UNIT         ?PR?LCM12864_BACKLIGHT?LCM12864
            CODE    45DCH     0005H     UNIT         ?PR?IST3932_SOFTRESET?IST3932
            CODE    45E1H     0005H     UNIT         ?PR?IST3932_NOP?IST3932
            CODE    45E6H     0005H     UNIT         ?PR?IST3932_ENDIST?IST3932
            CODE    45EBH     0004H     UNIT         ?PR?SOFTRESET?UTILITY
            CODE    45EFH     0004H     UNIT         ?PR?TIMER_INTERRUPT?CTRINTERFACE
            CODE    45F3H     0004H     UNIT         ?PR?_NRF24L01_TESTREG?NRF24L01
            CODE    45F7H     0003H     UNIT         ?PR?TIMER_START?TIMER
            CODE    45FAH     0003H     UNIT         ?PR?TIMER_STOP?TIMER
            CODE    45FDH     0003H     UNIT         ?PR?LCM12864_REFRESH?LCM12864
            CODE    4600H     0003H     UNIT         ?PR?TIMER_INTERRUPT?MODULECOUNTDOWN
            CODE    4603H     0002H     UNIT         ?CO?MODULEKEYMAPPING
            CODE    4605H     0002H     UNIT         ?CO?MODULEANALOGMAPPING
            CODE    4607H     0001H     UNIT         ?PR?_DECRYPT?WIICLASSICCONTROLLER
            CODE    4608H     0001H     UNIT         ?PR?INIT?MODULECONNECT



OVERLAY MAP OF MODULE:   3DSWiiPlus (UTILITY)


SEGMENT                                             BIT_GROUP          DATA_GROUP 
  +--> CALLED SEGMENT                            START    LENGTH     START    LENGTH
------------------------------------------------------------------------------------
?PR?UART?UART                                    -----    -----      -----    -----
  +--> ?PR?UART

*** NEW ROOT ***************************************************

?C_C51STARTUP                                    -----    -----      -----    -----
  +--> ?PR?MAIN?MAIN
  +--> ?C_INITSEG

?PR?MAIN?MAIN                                    -----    -----      -----    -----
  +--> ?PR?INIT?MAIN
  +--> ?PR?UART_INIT?UART
  +--> ?PR?I2C_INIT?I2C
BL51 BANKED LINKER/LOCATER V6.22                                                      08/10/2017  10:00:40  PAGE 6


  +--> ?PR?PWM_INIT?PWM
  +--> ?PR?TIMER_INIT?TIMER
  +--> ?PR?SPI_INIT?SPI
  +--> ?PR?CTRINTERFACE_INIT?CTRINTERFACE
  +--> ?PR?LCM12864_INIT?LCM12864
  +--> ?PR?LCM12864_BACKLIGHT?LCM12864
  +--> ?PR?SAVEDATA_INIT?SAVEDATA
  +--> ?PR?CONTROLLER_INIT?CONTROLLER
  +--> ?PR?LCM12864_CLEAR?LCM12864
  +--> ?PR?MODULECONNECT?MODULECONNECT
  +--> ?PR?MODULECOUNTDOWN?MODULECOUNTDOWN
  +--> ?PR?MODULEGENERIC?MODULEGENERIC
  +--> ?PR?MODULECONFIGMENU?MODULECONFIGMENU
  +--> ?PR?MODULEKEYMAPPING?MODULEKEYMAPPING
  +--> ?PR?MODULEANALOGMAPPING?MODULEANALOGM...
  +--> ?PR?MODULEANALOGCALIBRATION?MODULEANA...
  +--> ?PR?MODULETURBOSETTING?MODULETURBOSET...

?PR?I2C_INIT?I2C                                 -----    -----      -----    -----
  +--> ?PR?I2C_DELAY?I2C

?PR?LCM12864_INIT?LCM12864                       -----    -----      -----    -----
  +--> ?PR?IST3932_INIT?IST3932

?PR?IST3932_INIT?IST3932                         -----    -----      -----    -----
  +--> ?PR?_DELAY?UTILITY
  +--> ?PR?IST3932_POWER?IST3932
  +--> ?PR?_IST3932_SETBIAS?IST3932
  +--> ?PR?_IST3932_SETCONTRAST?IST3932
  +--> ?PR?_IST3932_SETFRAMECONTROL?IST3932
  +--> ?PR?_IST3932_SETDUTY?IST3932
  +--> ?PR?IST3932_DRIVERCONTROL?IST3932
  +--> ?PR?IST3932_DISPLAY?IST3932
  +--> ?PR?IST3932_BEGINIST?IST3932
  +--> ?PR?IST3932_SETINTERLEAVE?IST3932
  +--> ?PR?IST3932_ENDIST?IST3932

?PR?_DELAY?UTILITY                               -----    -----      0041H    0002H

?PR?IST3932_POWER?IST3932                        0020H.0  0000H.1    -----    -----
  +--> ?PR?_LCM12864_SENDCOMMAND?LCM12864

?PR?_LCM12864_SENDCOMMAND?LCM12864               -----    -----      -----    -----
  +--> ?PR?_SPI_SENDANDRECEIVE?SPI

?PR?_IST3932_SETBIAS?IST3932                     -----    -----      -----    -----
  +--> ?PR?_LCM12864_SENDCOMMAND?LCM12864

?PR?_IST3932_SETCONTRAST?IST3932                 -----    -----      -----    -----
  +--> ?PR?_LCM12864_SENDCOMMAND?LCM12864

?PR?_IST3932_SETFRAMECONTROL?IST3932             -----    -----      -----    -----
  +--> ?PR?_LCM12864_SENDCOMMAND?LCM12864

?PR?_IST3932_SETDUTY?IST3932                     -----    -----      -----    -----
  +--> ?PR?_LCM12864_SENDCOMMAND?LCM12864

BL51 BANKED LINKER/LOCATER V6.22                                                      08/10/2017  10:00:40  PAGE 7


?PR?IST3932_DRIVERCONTROL?IST3932                0020H.0  0000H.4    -----    -----
  +--> ?PR?_LCM12864_SENDCOMMAND?LCM12864

?PR?IST3932_DISPLAY?IST3932                      0020H.0  0000H.1    -----    -----
  +--> ?PR?_LCM12864_SENDCOMMAND?LCM12864

?PR?IST3932_BEGINIST?IST3932                     -----    -----      -----    -----
  +--> ?PR?_LCM12864_SENDCOMMAND?LCM12864

?PR?IST3932_SETINTERLEAVE?IST3932                0020H.0  0000H.1    -----    -----
  +--> ?PR?_LCM12864_SENDCOMMAND?LCM12864

?PR?IST3932_ENDIST?IST3932                       -----    -----      -----    -----
  +--> ?PR?_LCM12864_SENDCOMMAND?LCM12864

?PR?LCM12864_BACKLIGHT?LCM12864                  0020H.0  0000H.1    -----    -----

?PR?SAVEDATA_INIT?SAVEDATA                       -----    -----      -----    -----
  +--> ?PR?_IAP_READBYTE?IAP
  +--> ?PR?SAVEDATA
  +--> ?PR?SAVEDATA_FLUSH?SAVEDATA

?PR?_IAP_READBYTE?IAP                            -----    -----      -----    -----
  +--> ?PR?IAP
  +--> ?PR?IAP_IDLE?IAP

?PR?SAVEDATA                                     -----    -----      -----    -----
  +--> ?CO?SAVEDATA

?PR?SAVEDATA_FLUSH?SAVEDATA                      -----    -----      003BH    0001H
  +--> ?PR?_IAP_ERASESECTOR?IAP
  +--> ?PR?_IAP_PROGRAMBYTE?IAP

?PR?_IAP_ERASESECTOR?IAP                         -----    -----      -----    -----
  +--> ?PR?IAP
  +--> ?PR?IAP_IDLE?IAP

?PR?_IAP_PROGRAMBYTE?IAP                         -----    -----      -----    -----
  +--> ?PR?IAP
  +--> ?PR?IAP_IDLE?IAP

?PR?CONTROLLER_INIT?CONTROLLER                   -----    -----      0022H    0009H
  +--> ?PR?_I2C_ENUMERATEALLDEVICES?I2C
  +--> ?PR?_I2C_CHECKSLAVEVALIDITY?I2C
  +--> ?PR?WIICLASSICCONTROLLER_INIT?WIICLAS...
  +--> ?PR?NRF24L01_INIT?NRF24L01
  +--> ?PR?NRF24L01_CHECK?NRF24L01
  +--> ?PR?NRF24L01_RX_MODE?NRF24L01
  +--> ?PR?_NRF24L01_RECV?NRF24L01
  +--> ?CO?CONTROLLER
  +--> ?PR?_DELAY10US?UTILITY

?PR?_I2C_ENUMERATEALLDEVICES?I2C                 0020H.0  0000H.1    002BH    0002H
  +--> ?PR?I2C_INIT?I2C
  +--> ?PR?I2C_START?I2C
  +--> ?PR?I2C_GETACK?I2C
  +--> ?PR?I2C_STOP?I2C
BL51 BANKED LINKER/LOCATER V6.22                                                      08/10/2017  10:00:40  PAGE 8


  +--> ?PR?I2C

?PR?I2C_START?I2C                                -----    -----      -----    -----
  +--> ?PR?I2C_DELAY?I2C

?PR?I2C_GETACK?I2C                               -----    -----      -----    -----
  +--> ?PR?_I2C_WRITE?I2C
  +--> ?PR?I2C_DELAY?I2C

?PR?_I2C_WRITE?I2C                               -----    -----      -----    -----
  +--> ?PR?I2C_DELAY?I2C

?PR?I2C_STOP?I2C                                 -----    -----      -----    -----
  +--> ?PR?I2C_DELAY?I2C

?PR?_I2C_CHECKSLAVEVALIDITY?I2C                  -----    -----      002BH    0002H
  +--> ?PR?I2C
  +--> ?PR?_UART_HEX?UART
  +--> ?CO?I2C
  +--> ?PR?_UART_STRING?UART

?PR?_UART_HEX?UART                               -----    -----      0032H    0004H
  +--> ?PR?_HEX2STRING?UTILITY
  +--> ?PR?_UART_STRING?UART

?PR?_HEX2STRING?UTILITY                          -----    -----      -----    -----
  +--> ?PR?UTILITY

?PR?_UART_STRING?UART                            -----    -----      0036H    0003H
  +--> ?PR?_STRLEN?STRLEN
  +--> ?PR?_UART_SENDBUF?UART

?PR?_UART_SENDBUF?UART                           -----    -----      0039H    0005H
  +--> ?PR?UART
  +--> ?PR?UART_FLUSH?UART

?PR?WIICLASSICCONTROLLER_INIT?WIICLAS...         -----    -----      002BH    0007H
  +--> ?CO?WIICLASSICCONTROLLER
  +--> ?PR?_UART_STRING?UART
  +--> ?PR?WIICLASSICCONTROLLER
  +--> ?PR?_I2C_PUTS?I2C
  +--> ?PR?_I2C_GETS?I2C
  +--> ?PR?_UART_HEX?UART
  +--> ?PR?_DELAY?UTILITY

?PR?_I2C_PUTS?I2C                                -----    -----      0041H    000CH
  +--> ?PR?I2C_START?I2C
  +--> ?PR?I2C_GETACK?I2C
  +--> ?PR?I2C_STOP?I2C

?PR?_I2C_GETS?I2C                                -----    -----      0041H    000CH
  +--> ?PR?I2C_START?I2C
  +--> ?PR?I2C_GETACK?I2C
  +--> ?PR?I2C_STOP?I2C
  +--> ?PR?I2C_READ?I2C
  +--> ?PR?I2C_PUTACK?I2C

BL51 BANKED LINKER/LOCATER V6.22                                                      08/10/2017  10:00:40  PAGE 9


?PR?I2C_READ?I2C                                 -----    -----      -----    -----
  +--> ?PR?I2C_DELAY?I2C

?PR?I2C_PUTACK?I2C                               0020H.0  0000H.1    -----    -----
  +--> ?PR?I2C_DELAY?I2C

?PR?NRF24L01_CHECK?NRF24L01                      -----    -----      002BH    0006H
  +--> ?PR?NRF24L01
  +--> ?PR?_NRF24L01_SPI_WRITE_BUF?NRF24L01
  +--> ?PR?_NRF24L01_SPI_READ_BUF?NRF24L01
  +--> ?PR?_UART_HEX?UART
  +--> ?CO?NRF24L01
  +--> ?PR?_UART_STRING?UART

?PR?NRF24L01                                     -----    -----      -----    -----
  +--> ?CO?NRF24L01

?PR?_NRF24L01_SPI_WRITE_BUF?NRF24L01             -----    -----      0031H    0005H
  +--> ?PR?_SPI_SENDANDRECEIVE?SPI

?PR?_NRF24L01_SPI_READ_BUF?NRF24L01              -----    -----      003BH    0005H
  +--> ?PR?_SPI_SENDANDRECEIVE?SPI

?PR?NRF24L01_RX_MODE?NRF24L01                    -----    -----      -----    -----
  +--> ?PR?NRF24L01
  +--> ?PR?_NRF24L01_SPI_WRITE_BUF?NRF24L01
  +--> ?PR?_NRF24L01_SPI_WRITE?NRF24L01

?PR?_NRF24L01_SPI_WRITE?NRF24L01                 -----    -----      -----    -----
  +--> ?PR?_SPI_SENDANDRECEIVE?SPI

?PR?_NRF24L01_RECV?NRF24L01                      -----    -----      -----    -----
  +--> ?PR?_NRF24L01_SPI_READ?NRF24L01
  +--> ?PR?_NRF24L01_SPI_READ_BUF?NRF24L01
  +--> ?PR?_NRF24L01_SPI_WRITE?NRF24L01

?PR?_NRF24L01_SPI_READ?NRF24L01                  -----    -----      -----    -----
  +--> ?PR?_SPI_SENDANDRECEIVE?SPI

?PR?_DELAY10US?UTILITY                           -----    -----      002BH    0001H

?PR?MODULECONNECT?MODULECONNECT                  -----    -----      -----    -----
  +--> ?PR?INIT?MODULECONNECT
  +--> ?PR?CONTROLLER_ISCONNECTED?CONTROLLER
  +--> ?PR?LCM12864_CLEAR?LCM12864
  +--> ?PR?_LCM12864_DRAWSTRINGIDX?LCM12864
  +--> ?PR?LCM12864_REFRESH?LCM12864
  +--> ?PR?_DELAY?UTILITY
  +--> ?PR?SOFTRESET?UTILITY
  +--> ?PR?_LCM12864_GETSTRLENFROMIDX?LCM12864

?PR?_LCM12864_DRAWSTRINGIDX?LCM12864             0020H.0  0000H.1    003CH    000CH
  +--> ?PR?LCM12864
  +--> ?PR?_LCM12864_DRAWCHAR?LCM12864

?PR?LCM12864                                     -----    -----      -----    -----
  +--> ?CO?LCM12864
BL51 BANKED LINKER/LOCATER V6.22                                                      08/10/2017  10:00:40  PAGE 10



?PR?_LCM12864_DRAWCHAR?LCM12864                  0020H.1  0000H.1    0048H    0005H
  +--> ?CO?LCM12864
  +--> ?PR?_IST3932_DRAWCHAR?IST3932

?PR?_IST3932_DRAWCHAR?IST3932                    0020H.2  0000H.1    004DH    0008H
  +--> ?PR?IST3932

?PR?LCM12864_REFRESH?LCM12864                    -----    -----      -----    -----
  +--> ?PR?IST3932_REFRESH?IST3932

?PR?IST3932_REFRESH?IST3932                      -----    -----      -----    -----
  +--> ?PR?_IST3932_SETROW?IST3932
  +--> ?PR?_IST3932_SETCOL?IST3932
  +--> ?PR?IST3932
  +--> ?PR?_LCM12864_SENDDATA?LCM12864

?PR?_IST3932_SETROW?IST3932                      -----    -----      -----    -----
  +--> ?PR?_LCM12864_SENDCOMMAND?LCM12864

?PR?_IST3932_SETCOL?IST3932                      -----    -----      -----    -----
  +--> ?PR?_LCM12864_SENDCOMMAND?LCM12864

?PR?_LCM12864_SENDDATA?LCM12864                  -----    -----      -----    -----
  +--> ?PR?_SPI_SENDANDRECEIVE?SPI

?PR?_LCM12864_GETSTRLENFROMIDX?LCM12864          -----    -----      003CH    0005H
  +--> ?PR?LCM12864

?PR?MODULECOUNTDOWN?MODULECOUNTDOWN              -----    -----      -----    -----
  +--> ?PR?INIT?MODULECOUNTDOWN
  +--> ?PR?_LCM12864_FILLRECT?LCM12864
  +--> ?PR?_LCM12864_DRAWCHAR?LCM12864
  +--> ?PR?LCM12864_REFRESH?LCM12864
  +--> ?PR?CONTROLLER_READ?CONTROLLER
  +--> ?PR?_WIICLASSICCONTROLLER_ISKEYDOWN?W...
  +--> ?PR?TIMER_STOP?TIMER

?PR?INIT?MODULECOUNTDOWN                         -----    -----      -----    -----
  +--> ?PR?_TIMER_SETINTERVAL?TIMER
  +--> ?PR?TIMER_INTERRUPT?MODULECOUNTDOWN
  +--> ?PR?_TIMER_SETCALLBACK?TIMER
  +--> ?PR?TIMER_START?TIMER
  +--> ?PR?_LCM12864_FILLRECT?LCM12864
  +--> ?PR?_LCM12864_DRAWSTRINGIDX?LCM12864

?PR?_LCM12864_FILLRECT?LCM12864                  0020H.0  0000H.1    003CH    0004H
  +--> ?PR?_IST3932_FILLRECT?IST3932

?PR?_IST3932_FILLRECT?IST3932                    0020H.1  0000H.1    0040H    0009H
  +--> ?PR?IST3932

?PR?CONTROLLER_READ?CONTROLLER                   -----    -----      -----    -----
  +--> ?PR?WIICLASSICCONTROLLER_READ?WIICLAS...
  +--> ?PR?WIICLASSICCONTROLLER_GETPTR?WIICL...
  +--> ?PR?_NRF24L01_RECV?NRF24L01

BL51 BANKED LINKER/LOCATER V6.22                                                      08/10/2017  10:00:40  PAGE 11


?PR?WIICLASSICCONTROLLER_READ?WIICLAS...         -----    -----      -----    -----
  +--> ?PR?WIICLASSICCONTROLLER_GETDATA?WIIC...

?PR?WIICLASSICCONTROLLER_GETDATA?WIIC...         -----    -----      003BH    0006H
  +--> ?PR?_I2C_PUTS?I2C
  +--> ?PR?_DELAY?UTILITY
  +--> ?PR?WIICLASSICCONTROLLER
  +--> ?PR?_I2C_GETS?I2C
  +--> ?PR?_DECRYPT?WIICLASSICCONTROLLER

?PR?_WIICLASSICCONTROLLER_ISKEYDOWN?W...         -----    -----      -----    -----
  +--> ?PR?WIICLASSICCONTROLLER

?PR?MODULEGENERIC?MODULEGENERIC                  -----    -----      -----    -----
  +--> ?PR?INIT?MODULEGENERIC
  +--> ?PR?CTRINTERFACE_PREPARE?CTRINTERFACE
  +--> ?PR?CTRINTERFACE_UPDATE?CTRINTERFACE

?PR?INIT?MODULEGENERIC                           -----    -----      -----    -----
  +--> ?PR?SAVEDATA_READ?SAVEDATA
  +--> ?PR?LCM12864_BACKLIGHT?LCM12864
  +--> ?PR?LCM12864_REFRESH?LCM12864

?PR?SAVEDATA_READ?SAVEDATA                       -----    -----      003CH    0001H
  +--> ?PR?_IAP_READBYTE?IAP
  +--> ?PR?SAVEDATA

?PR?CTRINTERFACE_PREPARE?CTRINTERFACE            -----    -----      -----    -----
  +--> ?CO?CTRINTERFACE
  +--> ?PR?_TIMER_SETINTERVAL?TIMER
  +--> ?PR?TIMER_INTERRUPT?CTRINTERFACE
  +--> ?PR?_TIMER_SETCALLBACK?TIMER
  +--> ?PR?TIMER_START?TIMER
  +--> ?PR?_PWM_SETCHANNELSTATUS?PWM
  +--> ?PR?PWM_START?PWM

?PR?CTRINTERFACE_UPDATE?CTRINTERFACE             -----    -----      0022H    000BH
  +--> ?PR?CONTROLLER_READ?CONTROLLER
  +--> ?CO?CTRINTERFACE
  +--> ?PR?_WIICLASSICCONTROLLER_ISKEYHOLD?W...
  +--> ?PR?CTRINTERFACE
  +--> ?PR?WIICLASSICCONTROLLER_GETLANALOGX?...
  +--> ?PR?WIICLASSICCONTROLLER_GETLANALOGY?...
  +--> ?PR?WIICLASSICCONTROLLER_GETRANALOGX?...
  +--> ?PR?WIICLASSICCONTROLLER_GETRANALOGY?...
  +--> ?PR?_PWM_SETDUTY?PWM

?PR?_PWM_SETDUTY?PWM                             -----    -----      -----    -----
  +--> ?CO?PWM
  +--> ?PR?PWM

?PR?MODULECONFIGMENU?MODULECONFIGMENU            -----    -----      0022H    0005H
  +--> ?PR?INIT?MODULECONFIGMENU
  +--> ?PR?_LCM12864_FILLRECT?LCM12864
  +--> ?PR?_LCM12864_DRAWSTRINGIDX?LCM12864
  +--> ?PR?LCM12864_REFRESH?LCM12864
  +--> ?PR?CONTROLLER_READ?CONTROLLER
BL51 BANKED LINKER/LOCATER V6.22                                                      08/10/2017  10:00:40  PAGE 12


  +--> ?PR?_WIICLASSICCONTROLLER_ISKEYDOWN?W...
  +--> ?PR?_LCM12864_GETSTRLENFROMIDX?LCM12864

?PR?INIT?MODULECONFIGMENU                        -----    -----      0027H    0001H
  +--> ?PR?_LCM12864_GETSTRLENFROMIDX?LCM12864
  +--> ?PR?_LCM12864_FILLRECT?LCM12864
  +--> ?PR?_LCM12864_DRAWSTRINGIDX?LCM12864

?PR?MODULEKEYMAPPING?MODULEKEYMAPPING            -----    -----      0022H    0008H
  +--> ?PR?INIT?MODULEKEYMAPPING
  +--> ?PR?MODULEKEYMAPPING
  +--> ?PR?_LCM12864_GETSTRLENFROMIDX?LCM12864
  +--> ?PR?_LCM12864_FILLRECT?LCM12864
  +--> ?PR?_LCM12864_DRAWSTRINGIDX?LCM12864
  +--> ?PR?LCM12864_REFRESH?LCM12864
  +--> ?PR?CONTROLLER_READ?CONTROLLER
  +--> ?PR?_WIICLASSICCONTROLLER_ISKEYDOWN?W...
  +--> ?PR?SAVEDATA_FLUSH?SAVEDATA

?PR?INIT?MODULEKEYMAPPING                        -----    -----      002AH    0001H
  +--> ?PR?SAVEDATA_READ?SAVEDATA
  +--> ?PR?_LCM12864_GETSTRLENFROMIDX?LCM12864
  +--> ?PR?_LCM12864_FILLRECT?LCM12864
  +--> ?PR?_LCM12864_DRAWSTRINGIDX?LCM12864
  +--> ?PR?MODULEKEYMAPPING
  +--> ?CO?MODULEKEYMAPPING
  +--> ?PR?_LCM12864_DRAWSTRING?LCM12864

?PR?_LCM12864_DRAWSTRING?LCM12864                0020H.0  0000H.1    003BH    000BH
  +--> ?PR?LCM12864
  +--> ?PR?_LCM12864_GETIDXFROMASCII?LCM12864
  +--> ?PR?_LCM12864_DRAWCHAR?LCM12864

?PR?_LCM12864_GETIDXFROMASCII?LCM12864           -----    -----      -----    -----
  +--> ?CO?LCM12864

?PR?MODULEANALOGMAPPING?MODULEANALOGM...         -----    -----      0022H    0005H
  +--> ?PR?INIT?MODULEANALOGMAPPING
  +--> ?PR?_LCM12864_FILLRECT?LCM12864
  +--> ?PR?MODULEANALOGMAPPING
  +--> ?PR?_LCM12864_DRAWSTRINGIDX?LCM12864
  +--> ?PR?_LCM12864_GETSTRLENFROMIDX?LCM12864
  +--> ?PR?LCM12864_REFRESH?LCM12864
  +--> ?PR?CONTROLLER_READ?CONTROLLER
  +--> ?PR?_WIICLASSICCONTROLLER_ISKEYDOWN?W...
  +--> ?PR?SAVEDATA_FLUSH?SAVEDATA

?PR?INIT?MODULEANALOGMAPPING                     -----    -----      0027H    0001H
  +--> ?PR?SAVEDATA_READ?SAVEDATA
  +--> ?PR?_LCM12864_GETSTRLENFROMIDX?LCM12864
  +--> ?PR?_LCM12864_FILLRECT?LCM12864
  +--> ?PR?_LCM12864_DRAWSTRINGIDX?LCM12864
  +--> ?CO?MODULEANALOGMAPPING
  +--> ?PR?_LCM12864_DRAWSTRING?LCM12864

?PR?MODULEANALOGCALIBRATION?MODULEANA...         -----    -----      0022H    0019H
  +--> ?PR?INIT?MODULEANALOGCALIBRATION
BL51 BANKED LINKER/LOCATER V6.22                                                      08/10/2017  10:00:40  PAGE 13


  +--> ?PR?_PWM_SETCHANNELSTATUS?PWM
  +--> ?PR?PWM_START?PWM
  +--> ?PR?_LCM12864_GETSTRLENFROMIDX?LCM12864
  +--> ?PR?_HEX2STRING?UTILITY
  +--> ?PR?_LCM12864_FILLRECT?LCM12864
  +--> ?PR?MODULEANALOGCALIBRATION
  +--> ?PR?_LCM12864_DRAWSTRINGIDX?LCM12864
  +--> ?PR?LCM12864_REFRESH?LCM12864
  +--> ?PR?CONTROLLER_READ?CONTROLLER
  +--> ?PR?_WIICLASSICCONTROLLER_ISKEYHOLD?W...
  +--> ?PR?_WIICLASSICCONTROLLER_ISKEYDOWN?W...
  +--> ?PR?SAVEDATA_FLUSH?SAVEDATA
  +--> ?PR?PWM_STOP?PWM
  +--> ?PR?WIICLASSICCONTROLLER_GETLANALOGX?...
  +--> ?PR?WIICLASSICCONTROLLER_GETLANALOGY?...
  +--> ?PR?WIICLASSICCONTROLLER_GETRANALOGX?...
  +--> ?PR?WIICLASSICCONTROLLER_GETRANALOGY?...
  +--> ?PR?_PWM_SETDUTY?PWM
  +--> ?PR?_LCM12864_DRAWSTRING?LCM12864

?PR?INIT?MODULEANALOGCALIBRATION                 -----    -----      003BH    0001H
  +--> ?PR?SAVEDATA_READ?SAVEDATA
  +--> ?PR?_LCM12864_GETSTRLENFROMIDX?LCM12864
  +--> ?PR?_LCM12864_FILLRECT?LCM12864
  +--> ?PR?_LCM12864_DRAWSTRINGIDX?LCM12864

?PR?MODULETURBOSETTING?MODULETURBOSET...         -----    -----      0022H    0005H
  +--> ?PR?INIT?MODULETURBOSETTING
  +--> ?PR?_LCM12864_GETSTRLENFROMIDX?LCM12864
  +--> ?PR?_LCM12864_FILLRECT?LCM12864
  +--> ?PR?MODULETURBOSETTING
  +--> ?PR?_LCM12864_DRAWSTRINGIDX?LCM12864
  +--> ?PR?LCM12864_REFRESH?LCM12864
  +--> ?PR?CONTROLLER_READ?CONTROLLER
  +--> ?PR?_WIICLASSICCONTROLLER_ISKEYDOWN?W...
  +--> ?PR?SAVEDATA_FLUSH?SAVEDATA

?PR?INIT?MODULETURBOSETTING                      -----    -----      0027H    0001H
  +--> ?PR?SAVEDATA_READ?SAVEDATA
  +--> ?PR?_LCM12864_GETSTRLENFROMIDX?LCM12864
  +--> ?PR?_LCM12864_FILLRECT?LCM12864
  +--> ?PR?_LCM12864_DRAWSTRINGIDX?LCM12864
  +--> ?CO?MODULETURBOSETTING
  +--> ?PR?_LCM12864_DRAWSTRING?LCM12864



UNRESOLVED EXTERNAL SYMBOLS:
   MODULEDEVICESETTING



IGNORED SEGMENTS:
   ?DT?MAIN
   ?DT?MODULECOUNTDOWN


BL51 BANKED LINKER/LOCATER V6.22                                                      08/10/2017  10:00:40  PAGE 14



IGNORED SYMBOLS:
   CURRENTMODULE



SYMBOL TABLE OF MODULE:  3DSWiiPlus (UTILITY)

  VALUE           TYPE          NAME
  ----------------------------------

  -------         MODULE        UTILITY
  C:0000H         SYMBOL        _ICE_DUMMY_
  D:0080H         PUBLIC        P0
  D:0090H         PUBLIC        P1
  D:00A0H         PUBLIC        P2
  D:00B0H         PUBLIC        P3
  D:00C0H         PUBLIC        P4
  D:00C8H         PUBLIC        P5
  D:00E8H         PUBLIC        P6
  D:00F8H         PUBLIC        P7
  D:00A8H         PUBLIC        IE
  D:00B8H         PUBLIC        IP
  D:00D8H         PUBLIC        CCON
  C:45EBH         PUBLIC        SoftReset
  D:0098H         PUBLIC        SCON
  D:0088H         PUBLIC        TCON
  C:3333H         PUBLIC        _Dec2String
  C:42BFH         PUBLIC        _Delay10us
  D:00C7H         PUBLIC        IAP_CONTR
  C:3E33H         PUBLIC        _Hex2String
  C:421EH         PUBLIC        _Delay
  D:00D0H         PUBLIC        PSW
  C:4267H         SYMBOL        Com001A
  C:4267H         SYMBOL        L?0027
  C:4268H         SYMBOL        L?0028
  C:426AH         SYMBOL        L?0029
  C:4271H         SYMBOL        L?0030
  -------         PROC          COM001A
  -------         ENDPROC       COM001A
  -------         PROC          _DELAY10US
  D:0007H         SYMBOL        us
  -------         DO            
  D:002BH         SYMBOL        i
  -------         ENDDO         
  C:42BFH         LINE#         6
  C:42BFH         LINE#         7
  C:42C5H         LINE#         8
  C:42C8H         LINE#         9
  C:42C9H         LINE#         10
  C:42CAH         LINE#         11
  C:42D2H         LINE#         13
  -------         ENDPROC       _DELAY10US
  -------         PROC          _DELAY
  D:0006H         SYMBOL        ms
  -------         DO            
  D:0041H         SYMBOL        i
BL51 BANKED LINKER/LOCATER V6.22                                                      08/10/2017  10:00:40  PAGE 15


  D:0042H         SYMBOL        j
  -------         ENDDO         
  C:421EH         LINE#         15
  C:421EH         LINE#         16
  C:4228H         LINE#         17
  C:422EH         LINE#         18
  C:422EH         LINE#         19
  C:4231H         LINE#         20
  C:4234H         LINE#         21
  C:4236H         LINE#         22
  -------         ENDPROC       _DELAY
  -------         PROC          SOFTRESET
  C:45EBH         LINE#         24
  C:45EBH         LINE#         25
  C:45EEH         LINE#         26
  -------         ENDPROC       SOFTRESET
  -------         PROC          _DEC2STRING
  D:0071H         SYMBOL        dec
  D:0072H         SYMBOL        strBuf
  -------         DO            
  D:0003H         SYMBOL        _2
  D:0007H         SYMBOL        _1
  D:0006H         SYMBOL        _0
  -------         ENDDO         
  C:3333H         LINE#         28
  C:333BH         LINE#         29
  C:3342H         LINE#         30
  C:3357H         LINE#         31
  C:336CH         LINE#         32
  C:336FH         LINE#         33
  C:3376H         LINE#         34
  C:3380H         LINE#         35
  C:3389H         LINE#         36
  C:3390H         LINE#         37
  C:3393H         LINE#         38
  C:3396H         LINE#         39
  C:339CH         LINE#         40
  C:33A2H         LINE#         41
  C:33A2H         LINE#         42
  C:33A6H         LINE#         43
  C:33A6H         LINE#         44
  C:33ACH         LINE#         45
  C:33B6H         LINE#         46
  C:33B8H         LINE#         47
  C:33B8H         LINE#         48
  -------         ENDPROC       _DEC2STRING
  -------         PROC          _HEX2STRING
  D:0007H         SYMBOL        hex
  D:0001H         SYMBOL        strBuf
  -------         DO            
  D:0006H         SYMBOL        hi
  D:0007H         SYMBOL        lo
  -------         ENDDO         
  C:3E33H         LINE#         50
  C:3E33H         LINE#         51
  C:3E38H         LINE#         52
  C:3E3CH         LINE#         53
BL51 BANKED LINKER/LOCATER V6.22                                                      08/10/2017  10:00:40  PAGE 16


  C:3E4FH         LINE#         54
  C:3E62H         LINE#         55
  C:3E62H         LINE#         56
  C:3E65H         LINE#         57
  -------         ENDPROC       _HEX2STRING
  -------         ENDMOD        UTILITY

  -------         MODULE        UART
  C:0000H         SYMBOL        _ICE_DUMMY_
  D:0080H         PUBLIC        P0
  D:0090H         PUBLIC        P1
  D:00A0H         PUBLIC        P2
  D:0075H         SYMBOL        recvP
  D:00B0H         PUBLIC        P3
  C:41ADH         SYMBOL        Uart_Flush
  D:00C0H         PUBLIC        P4
  D:00C8H         PUBLIC        P5
  B:00A8H.7       PUBLIC        EA
  D:00E8H         PUBLIC        P6
  D:00F8H         PUBLIC        P7
  C:4323H         PUBLIC        _Uart_Send
  C:42E7H         PUBLIC        _Uart_Dec
  D:00A2H         PUBLIC        P_SW1
  D:00A8H         PUBLIC        IE
  C:43BAH         PUBLIC        _Uart_Recv
  C:407DH         PUBLIC        Uart_Init
  B:00A8H.4       PUBLIC        ES
  D:00B8H         PUBLIC        IP
  B:0098H.0       PUBLIC        RI
  D:0076H         SYMBOL        sendBufP
  B:0098H.1       PUBLIC        TI
  C:400DH         SYMBOL        Uart
  D:0077H         SYMBOL        recvBufP
  D:00D8H         PUBLIC        CCON
  C:441AH         PUBLIC        _Uart_Hex
  C:3A22H         PUBLIC        _Uart_SendBuf
  C:368DH         PUBLIC        _Uart_RecvBuf
  D:0099H         PUBLIC        SBUF
  D:0087H         PUBLIC        PCON
  D:0098H         PUBLIC        SCON
  D:0089H         PUBLIC        TMOD
  D:0088H         PUBLIC        TCON
  D:008EH         PUBLIC        AUXR
  B:0020H.4       PUBLIC        busy
  B:00A8H.3       PUBLIC        ET1
  X:0420H         SYMBOL        sendBuf
  D:008DH         PUBLIC        TH1
  X:0520H         SYMBOL        recvBuf
  D:008BH         PUBLIC        TL1
  B:0088H.6       PUBLIC        TR1
  C:42D3H         PUBLIC        _Uart_String
  D:00D0H         PUBLIC        PSW
  D:0078H         SYMBOL        sendP
  C:3CA0H         SYMBOL        Com001B
  C:3CA0H         SYMBOL        L?0028
  C:3CB4H         SYMBOL        L?0029
  C:3CC4H         SYMBOL        L?0030
BL51 BANKED LINKER/LOCATER V6.22                                                      08/10/2017  10:00:40  PAGE 17


  C:3CD3H         SYMBOL        L?0031
  C:3CD8H         SYMBOL        L?0032
  -------         PROC          COM001B
  -------         ENDPROC       COM001B
  -------         PROC          UART
  C:400DH         LINE#         14
  C:4018H         LINE#         15
  C:401BH         LINE#         16
  C:401DH         LINE#         19
  C:4023H         LINE#         20
  C:4023H         LINE#         21
  C:4026H         LINE#         22
  C:4028H         LINE#         23
  C:402AH         LINE#         24
  C:402AH         LINE#         25
  -------         ENDPROC       UART
  -------         PROC          UART_FLUSH
  C:41ADH         LINE#         27
  C:41ADH         LINE#         28
  C:41B3H         LINE#         29
  C:41B6H         LINE#         30
  C:41B8H         LINE#         31
  C:41C9H         LINE#         32
  C:41C9H         LINE#         33
  -------         ENDPROC       UART_FLUSH
  -------         PROC          UART_INIT
  C:407DH         LINE#         36
  C:407DH         LINE#         37
  C:4080H         LINE#         38
  C:4083H         LINE#         39
  C:4086H         LINE#         40
  C:4089H         LINE#         41
  C:408CH         LINE#         42
  C:408FH         LINE#         43
  C:4092H         LINE#         44
  C:4095H         LINE#         45
  C:4098H         LINE#         46
  C:409AH         LINE#         47
  C:409CH         LINE#         48
  C:409EH         LINE#         49
  C:40A0H         LINE#         50
  -------         ENDPROC       UART_INIT
  -------         PROC          _UART_SEND
  D:0007H         SYMBOL        value
  C:4323H         LINE#         52
  C:4323H         LINE#         53
  C:4333H         LINE#         54
  -------         ENDPROC       _UART_SEND
  -------         PROC          _UART_SENDBUF
  D:0039H         SYMBOL        p
  D:003CH         SYMBOL        len
  -------         DO            
  D:003DH         SYMBOL        remains
  -------         ENDDO         
  C:3A22H         LINE#         57
  C:3A2AH         LINE#         58
  C:3A30H         LINE#         59
BL51 BANKED LINKER/LOCATER V6.22                                                      08/10/2017  10:00:40  PAGE 18


  C:3A35H         LINE#         60
  C:3A3EH         LINE#         61
  C:3A3EH         LINE#         62
  C:3A4CH         LINE#         63
  C:3A6CH         LINE#         64
  C:3A6CH         LINE#         65
  C:3A72H         LINE#         66
  -------         ENDPROC       _UART_SENDBUF
  -------         PROC          _UART_RECV
  D:0001H         SYMBOL        value
  C:43BAH         LINE#         69
  C:43BAH         LINE#         70
  C:43C0H         LINE#         71
  C:43C6H         LINE#         73
  C:43CAH         LINE#         74
  -------         ENDPROC       _UART_RECV
  -------         PROC          _UART_RECVBUF
  D:005EH         SYMBOL        p
  D:0061H         SYMBOL        len
  -------         DO            
  D:0064H         SYMBOL        remains
  -------         ENDDO         
  C:368DH         LINE#         76
  C:3693H         LINE#         77
  C:369AH         LINE#         78
  C:36A0H         LINE#         79
  C:36ADH         LINE#         80
  C:36B0H         LINE#         81
  C:36B8H         LINE#         82
  C:36BEH         LINE#         83
  C:36C4H         LINE#         84
  C:36E6H         LINE#         85
  C:36E9H         LINE#         86
  C:36EBH         LINE#         87
  C:36F2H         LINE#         88
  C:36F2H         LINE#         89
  -------         ENDPROC       _UART_RECVBUF
  -------         PROC          _UART_STRING
  D:0036H         SYMBOL        str
  C:42D3H         LINE#         91
  C:42D9H         LINE#         92
  -------         ENDPROC       _UART_STRING
  -------         PROC          _UART_DEC
  D:0007H         SYMBOL        val
  -------         DO            
  D:001AH         SYMBOL        i
  D:001BH         SYMBOL        strBuf
  -------         ENDDO         
  C:42E7H         LINE#         95
  C:42E7H         LINE#         96
  C:42EAH         LINE#         98
  C:42F2H         LINE#         99
  -------         ENDPROC       _UART_DEC
  -------         PROC          _UART_HEX
  D:0007H         SYMBOL        val
  -------         DO            
  D:0032H         SYMBOL        i
BL51 BANKED LINKER/LOCATER V6.22                                                      08/10/2017  10:00:40  PAGE 19


  D:0033H         SYMBOL        strBuf
  -------         ENDDO         
  C:441AH         LINE#         102
  C:441AH         LINE#         103
  C:441DH         LINE#         105
  C:4425H         LINE#         106
  -------         ENDPROC       _UART_HEX
  -------         ENDMOD        UART

  -------         MODULE        I2C
  C:0000H         SYMBOL        _ICE_DUMMY_
  D:0080H         PUBLIC        P0
  D:00B2H         PUBLIC        P3M0
  D:0090H         PUBLIC        P1
  B:00B0H.3       PUBLIC        I2C_SCL
  D:00B1H         PUBLIC        P3M1
  D:00A0H         PUBLIC        P2
  D:00B0H         PUBLIC        P3
  D:00C0H         PUBLIC        P4
  D:00C8H         PUBLIC        P5
  D:00E8H         PUBLIC        P6
  X:0641H         SYMBOL        I2CDevices
  D:00F8H         PUBLIC        P7
  D:00A8H         PUBLIC        IE
  C:44CBH         SYMBOL        I2C_Delay
  D:00B8H         PUBLIC        IP
  C:40E9H         PUBLIC        I2C_Read
  D:00D8H         PUBLIC        CCON
  C:427EH         PUBLIC        _I2C_Write
  C:3B99H         PUBLIC        _I2C_EnumerateAllDevices
  C:4428H         PUBLIC        I2C_Start
  C:33B9H         PUBLIC        _I2C_Gets
  D:0098H         PUBLIC        SCON
  C:4151H         PUBLIC        I2C_Init
  D:0088H         PUBLIC        TCON
  C:4237H         PUBLIC        I2C_Stop
  C:36F3H         PUBLIC        _I2C_CheckSlaveValidity
  C:3537H         PUBLIC        _I2C_Puts
  C:4113H         PUBLIC        I2C_GetAck
  C:44D0H         PUBLIC        I2C_PutAck
  B:00B0H.2       PUBLIC        I2C_SDA
  D:00D0H         PUBLIC        PSW
  C:418FH         SYMBOL        Com0051
  C:418FH         SYMBOL        L?0082
  C:4191H         SYMBOL        L?0083
  C:4198H         SYMBOL        L?0084
  C:41A1H         SYMBOL        L?0089
  -------         PROC          COM0051
  -------         ENDPROC       COM0051
  C:44C6H         SYMBOL        L?0086
  -------         PROC          L?0085
  -------         ENDPROC       L?0085
  C:44C6H         SYMBOL        L?0086
  -------         PROC          I2C_DELAY
  -------         DO            
  D:0007H         SYMBOL        I2C_Delay_t
  -------         ENDDO         
BL51 BANKED LINKER/LOCATER V6.22                                                      08/10/2017  10:00:40  PAGE 20


  C:44CBH         LINE#         56
  C:44CBH         LINE#         57
  C:44CDH         LINE#         58
  C:44CFH         LINE#         59
  -------         ENDPROC       I2C_DELAY
  -------         PROC          I2C_INIT
  C:4151H         LINE#         66
  C:4151H         LINE#         67
  C:4154H         LINE#         68
  C:4157H         LINE#         70
  C:4166H         LINE#         72
  C:4168H         LINE#         73
  C:416BH         LINE#         74
  C:416DH         LINE#         75
  -------         ENDPROC       I2C_INIT
  -------         PROC          I2C_START
  C:4428H         LINE#         87
  C:4428H         LINE#         88
  C:4428H         LINE#         89
  C:4428H         LINE#         90
  C:4428H         LINE#         91
  C:442BH         LINE#         92
  C:442DH         LINE#         93
  C:4430H         LINE#         94
  C:4432H         LINE#         95
  -------         ENDPROC       I2C_START
  -------         PROC          _I2C_WRITE
  D:0006H         SYMBOL        dat
  -------         DO            
  D:0005H         SYMBOL        t
  -------         ENDDO         
  C:427EH         LINE#         104
  C:4280H         LINE#         105
  C:4282H         LINE#         106
  C:4282H         LINE#         107
  C:4286H         LINE#         108
  C:4286H         LINE#         109
  C:4286H         LINE#         110
  C:4289H         LINE#         111
  C:428BH         LINE#         112
  C:428EH         LINE#         113
  C:4292H         LINE#         114
  C:4294H         LINE#         115
  -------         ENDPROC       _I2C_WRITE
  -------         PROC          I2C_READ
  -------         DO            
  D:0006H         SYMBOL        dat
  D:0005H         SYMBOL        t
  -------         ENDDO         
  C:40E9H         LINE#         122
  C:40E9H         LINE#         124
  C:40EBH         LINE#         125
  C:40EDH         LINE#         126
  C:40F0H         LINE#         127
  C:40F0H         LINE#         128
  C:40F2H         LINE#         129
  C:40F5H         LINE#         130
BL51 BANKED LINKER/LOCATER V6.22                                                      08/10/2017  10:00:40  PAGE 21


  C:40F8H         LINE#         131
  C:40FCH         LINE#         132
  C:4102H         LINE#         133
  C:4104H         LINE#         134
  C:4107H         LINE#         135
  C:4109H         LINE#         136
  C:410BH         LINE#         137
  -------         ENDPROC       I2C_READ
  C:410FH         SYMBOL        L?0088
  -------         PROC          L?0087
  -------         ENDPROC       L?0087
  C:410FH         SYMBOL        L?0088
  -------         PROC          I2C_GETACK
  -------         DO            
  D:0004H         SYMBOL        timeout
  -------         ENDDO         
  C:4113H         LINE#         150
  C:4113H         LINE#         151
  C:4117H         LINE#         152
  C:4117H         LINE#         153
  C:4117H         LINE#         154
  C:4117H         LINE#         155
  C:411AH         LINE#         156
  C:411DH         LINE#         157
  C:4122H         LINE#         158
  C:4126H         LINE#         159
  C:4128H         LINE#         160
  C:4128H         LINE#         161
  C:4128H         LINE#         162
  C:412AH         LINE#         163
  C:412DH         LINE#         164
  C:412EH         LINE#         165
  -------         ENDPROC       I2C_GETACK
  -------         PROC          I2C_PUTACK
  B:0020H.0       SYMBOL        ack
  C:44D0H         LINE#         177
  C:44D0H         LINE#         178
  C:44D4H         LINE#         179
  C:44D4H         LINE#         180
  C:44D4H         LINE#         181
  C:44D7H         LINE#         182
  C:44D9H         LINE#         183
  -------         ENDPROC       I2C_PUTACK
  -------         PROC          I2C_STOP
  -------         DO            
  D:0004H         SYMBOL        t
  -------         ENDDO         
  C:4237H         LINE#         194
  C:4237H         LINE#         195
  C:423BH         LINE#         196
  C:423DH         LINE#         197
  C:423DH         LINE#         198
  C:423DH         LINE#         199
  C:4240H         LINE#         200
  C:4242H         LINE#         201
  C:4245H         LINE#         202
  C:424EH         LINE#         203
BL51 BANKED LINKER/LOCATER V6.22                                                      08/10/2017  10:00:40  PAGE 22


  -------         ENDPROC       I2C_STOP
  -------         PROC          _I2C_ENUMERATEALLDEVICES
  D:0007H         SYMBOL        start
  D:002BH         SYMBOL        end
  -------         DO            
  D:002CH         SYMBOL        i
  -------         DO            
  B:0020H.0       SYMBOL        result
  -------         ENDDO         
  -------         ENDDO         
  C:3B99H         LINE#         214
  C:3B9BH         LINE#         215
  C:3B9DH         LINE#         216
  C:3BA0H         LINE#         217
  C:3BA7H         LINE#         219
  C:3BAAH         LINE#         220
  C:3BAEH         LINE#         221
  C:3BB3H         LINE#         222
  C:3BB6H         LINE#         223
  C:3BB9H         LINE#         224
  C:3BC7H         LINE#         225
  C:3BC9H         LINE#         226
  C:3BD8H         LINE#         227
  C:3BD8H         LINE#         228
  C:3BDCH         LINE#         229
  -------         ENDPROC       _I2C_ENUMERATEALLDEVICES
  -------         PROC          _I2C_CHECKSLAVEVALIDITY
  D:002BH         SYMBOL        addr
  -------         DO            
  D:002CH         SYMBOL        i
  -------         ENDDO         
  C:36F3H         LINE#         242
  C:36F5H         LINE#         244
  C:36F8H         LINE#         245
  C:3703H         LINE#         246
  C:370CH         LINE#         247
  C:3715H         LINE#         248
  C:371EH         LINE#         249
  C:3746H         LINE#         250
  C:374DH         LINE#         251
  C:374FH         LINE#         252
  C:374FH         LINE#         253
  C:3756H         LINE#         254
  C:3757H         LINE#         255
  C:3757H         LINE#         256
  -------         ENDPROC       _I2C_CHECKSLAVEVALIDITY
  -------         PROC          _I2C_PUTS
  D:0007H         SYMBOL        SlaveAddr
  D:0004H         SYMBOL        SubAddr
  D:0003H         SYMBOL        SubMod
  D:0045H         SYMBOL        dat
  D:0048H         SYMBOL        Size
  -------         DO            
  D:0002H         SYMBOL        i
  D:004AH         SYMBOL        a
  -------         ENDDO         
  C:3537H         LINE#         275
BL51 BANKED LINKER/LOCATER V6.22                                                      08/10/2017  10:00:40  PAGE 23


  C:3537H         LINE#         280
  C:353FH         LINE#         282
  C:3544H         LINE#         284
  C:354CH         LINE#         286
  C:3554H         LINE#         287
  C:3554H         LINE#         288
  C:3554H         LINE#         289
  C:3554H         LINE#         290
  C:3557H         LINE#         291
  C:3559H         LINE#         292
  C:3559H         LINE#         293
  C:355CH         LINE#         294
  C:355FH         LINE#         295
  C:355FH         LINE#         296
  C:355FH         LINE#         297
  C:355FH         LINE#         298
  C:355FH         LINE#         300
  C:3560H         LINE#         301
  C:3563H         LINE#         302
  C:356AH         LINE#         303
  C:356CH         LINE#         304
  C:3571H         LINE#         305
  C:3574H         LINE#         306
  C:3577H         LINE#         307
  C:3577H         LINE#         308
  C:357AH         LINE#         310
  C:357AH         LINE#         311
  C:358BH         LINE#         312
  C:3590H         LINE#         313
  C:359DH         LINE#         315
  C:35A0H         LINE#         316
  C:35A6H         LINE#         317
  C:35A8H         LINE#         318
  C:35A8H         LINE#         319
  C:35AAH         LINE#         320
  C:35AAH         LINE#         321
  -------         ENDPROC       _I2C_PUTS
  -------         PROC          _I2C_GETS
  D:0007H         SYMBOL        SlaveAddr
  D:0004H         SYMBOL        SubAddr
  D:0003H         SYMBOL        SubMod
  D:0045H         SYMBOL        dat
  D:0048H         SYMBOL        Size
  -------         DO            
  D:0002H         SYMBOL        i
  D:004AH         SYMBOL        a
  -------         ENDDO         
  C:33B9H         LINE#         339
  C:33B9H         LINE#         344
  C:33C1H         LINE#         346
  C:33C6H         LINE#         348
  C:33CEH         LINE#         350
  C:33D1H         LINE#         352
  C:33D4H         LINE#         353
  C:33D7H         LINE#         354
  C:33D9H         LINE#         355
  C:33DCH         LINE#         356
BL51 BANKED LINKER/LOCATER V6.22                                                      08/10/2017  10:00:40  PAGE 24


  C:33DFH         LINE#         357
  C:33DFH         LINE#         359
  C:33E0H         LINE#         360
  C:33E3H         LINE#         361
  C:33EAH         LINE#         362
  C:33ECH         LINE#         363
  C:33F1H         LINE#         364
  C:33F1H         LINE#         365
  C:33F3H         LINE#         366
  C:33F3H         LINE#         367
  C:33F6H         LINE#         368
  C:33F6H         LINE#         371
  C:33F9H         LINE#         373
  C:33FCH         LINE#         374
  C:3401H         LINE#         375
  C:3404H         LINE#         376
  C:3407H         LINE#         377
  C:3407H         LINE#         379
  C:3407H         LINE#         380
  C:341CH         LINE#         381
  C:3429H         LINE#         382
  C:342EH         LINE#         383
  C:3430H         LINE#         384
  C:3430H         LINE#         385
  C:3435H         LINE#         386
  C:3437H         LINE#         388
  C:343AH         LINE#         389
  C:343CH         LINE#         390
  -------         ENDPROC       _I2C_GETS
  -------         ENDMOD        I2C

  -------         MODULE        IAP
  C:0000H         SYMBOL        _ICE_DUMMY_
  D:0080H         PUBLIC        P0
  D:0090H         PUBLIC        P1
  D:00A0H         PUBLIC        P2
  D:00B0H         PUBLIC        P3
  D:00C0H         PUBLIC        P4
  D:00C8H         PUBLIC        P5
  D:00E8H         PUBLIC        P6
  D:00F8H         PUBLIC        P7
  D:00A8H         PUBLIC        IE
  D:00C5H         PUBLIC        IAP_CMD
  D:00B8H         PUBLIC        IP
  D:00C3H         PUBLIC        IAP_ADDRH
  C:4442H         PUBLIC        _IAP_EraseSector
  D:00D8H         PUBLIC        CCON
  D:00C4H         PUBLIC        IAP_ADDRL
  C:4336H         PUBLIC        _IAP_ProgramByte
  D:0098H         PUBLIC        SCON
  D:0088H         PUBLIC        TCON
  C:4435H         PUBLIC        IAP_Idle
  D:00C7H         PUBLIC        IAP_CONTR
  C:43CBH         PUBLIC        _IAP_ReadByte
  D:00C2H         PUBLIC        IAP_DATA
  D:00C6H         PUBLIC        IAP_TRIG
  D:00D0H         PUBLIC        PSW
BL51 BANKED LINKER/LOCATER V6.22                                                      08/10/2017  10:00:40  PAGE 25


  C:44F4H         SYMBOL        Com0005
  C:44F4H         SYMBOL        L?0006
  C:44F8H         SYMBOL        L?0007
  -------         PROC          COM0005
  -------         ENDPROC       COM0005
  -------         PROC          IAP_IDLE
  C:4435H         LINE#         30
  C:4435H         LINE#         31
  C:4438H         LINE#         32
  C:443AH         LINE#         33
  C:443CH         LINE#         34
  C:443FH         LINE#         35
  C:4441H         LINE#         36
  -------         ENDPROC       IAP_IDLE
  -------         PROC          _IAP_READBYTE
  D:0006H         SYMBOL        addr
  -------         DO            
  D:0007H         SYMBOL        dat
  -------         ENDDO         
  C:43CBH         LINE#         41
  C:43CBH         LINE#         43
  C:43CEH         LINE#         44
  C:43D1H         LINE#         45
  C:43D1H         LINE#         46
  C:43D1H         LINE#         47
  C:43D1H         LINE#         48
  C:43D4H         LINE#         49
  C:43D5H         LINE#         50
  C:43D7H         LINE#         51
  C:43DAH         LINE#         52
  C:43DAH         LINE#         53
  -------         ENDPROC       _IAP_READBYTE
  -------         PROC          _IAP_PROGRAMBYTE
  D:0006H         SYMBOL        addr
  D:0005H         SYMBOL        dat
  C:4336H         LINE#         58
  C:4336H         LINE#         59
  C:4339H         LINE#         60
  C:433CH         LINE#         61
  C:433EH         LINE#         62
  C:4340H         LINE#         63
  C:4342H         LINE#         64
  C:4342H         LINE#         65
  C:4345H         LINE#         66
  C:4346H         LINE#         67
  -------         ENDPROC       _IAP_PROGRAMBYTE
  -------         PROC          _IAP_ERASESECTOR
  D:0006H         SYMBOL        addr
  C:4442H         LINE#         73
  C:4442H         LINE#         74
  C:4445H         LINE#         75
  C:4448H         LINE#         76
  C:4448H         LINE#         77
  C:4448H         LINE#         78
  C:4448H         LINE#         79
  C:444BH         LINE#         80
  C:444CH         LINE#         81
BL51 BANKED LINKER/LOCATER V6.22                                                      08/10/2017  10:00:40  PAGE 26


  -------         ENDPROC       _IAP_ERASESECTOR
  -------         ENDMOD        IAP

  -------         MODULE        PWM
  C:0000H         SYMBOL        _ICE_DUMMY_
  D:0096H         PUBLIC        P2M0
  D:0080H         PUBLIC        P0
  D:00B2H         PUBLIC        P3M0
  D:0095H         PUBLIC        P2M1
  D:0090H         PUBLIC        P1
  D:00B1H         PUBLIC        P3M1
  D:00A0H         PUBLIC        P2
  D:00B0H         PUBLIC        P3
  D:00C0H         PUBLIC        P4
  D:00C8H         PUBLIC        P5
  D:00E8H         PUBLIC        P6
  D:00F8H         PUBLIC        P7
  D:00F5H         PUBLIC        PWMCR
  D:00BAH         PUBLIC        P_SW2
  D:00A8H         PUBLIC        IE
  D:00B8H         PUBLIC        IP
  D:00D8H         PUBLIC        CCON
  C:3CDFH         PUBLIC        _PWM_SetDuty
  D:0098H         PUBLIC        SCON
  D:0088H         PUBLIC        TCON
  D:00F1H         PUBLIC        PWMCFG
  C:43A8H         PUBLIC        _PWM_SetChannelStatus
  C:40C5H         SYMBOL        addr_PWM_T1
  C:40D1H         SYMBOL        addr_PWM_T2
  C:452BH         PUBLIC        PWM_Start
  C:40DDH         SYMBOL        addr_PWM_CR
  C:40A1H         PUBLIC        PWM_Init
  D:00D0H         PUBLIC        PSW
  C:4535H         PUBLIC        PWM_Stop
  C:43DBH         SYMBOL        Com0006
  C:43DBH         SYMBOL        L?0007
  -------         PROC          COM0006
  -------         ENDPROC       COM0006
  -------         PROC          PWM_INIT
  C:40A1H         LINE#         10
  C:40A1H         LINE#         11
  C:40A4H         LINE#         12
  C:40A7H         LINE#         13
  C:40AAH         LINE#         14
  C:40ADH         LINE#         15
  C:40B0H         LINE#         16
  C:40B3H         LINE#         17
  C:40B5H         LINE#         18
  C:40B9H         LINE#         19
  C:40C1H         LINE#         20
  C:40C4H         LINE#         21
  -------         ENDPROC       PWM_INIT
  -------         PROC          PWM_START
  C:452BH         LINE#         23
  C:452BH         LINE#         24
  C:452EH         LINE#         25
  C:4531H         LINE#         26
BL51 BANKED LINKER/LOCATER V6.22                                                      08/10/2017  10:00:40  PAGE 27


  C:4534H         LINE#         27
  -------         ENDPROC       PWM_START
  -------         PROC          PWM_STOP
  C:4535H         LINE#         29
  C:4535H         LINE#         30
  C:4538H         LINE#         31
  C:453BH         LINE#         32
  C:453EH         LINE#         33
  -------         ENDPROC       PWM_STOP
  -------         PROC          _PWM_SETCHANNELSTATUS
  D:0007H         SYMBOL        channel
  C:43A8H         LINE#         35
  C:43A8H         LINE#         36
  C:43ABH         LINE#         37
  C:43AEH         LINE#         38
  C:43B4H         LINE#         39
  C:43B6H         LINE#         40
  C:43B9H         LINE#         41
  -------         ENDPROC       _PWM_SETCHANNELSTATUS
  -------         PROC          _PWM_SETDUTY
  D:0007H         SYMBOL        channel
  D:0005H         SYMBOL        duty
  C:3CDFH         LINE#         43
  C:3CDFH         LINE#         44
  C:3CE2H         LINE#         45
  C:3CF0H         LINE#         46
  C:3CFFH         LINE#         47
  C:3D19H         LINE#         48
  C:3D1CH         LINE#         49
  -------         ENDPROC       _PWM_SETDUTY
  -------         ENDMOD        PWM

  -------         MODULE        SPI
  C:0000H         SYMBOL        _ICE_DUMMY_
  D:0092H         PUBLIC        P1M0
  D:0091H         PUBLIC        P1M1
  D:0080H         PUBLIC        P0
  D:0090H         PUBLIC        P1
  D:00A0H         PUBLIC        P2
  D:00B0H         PUBLIC        P3
  D:00C0H         PUBLIC        P4
  D:00C8H         PUBLIC        P5
  D:00E8H         PUBLIC        P6
  D:00F8H         PUBLIC        P7
  D:00CEH         PUBLIC        SPCTL
  D:00A2H         PUBLIC        P_SW1
  D:00A8H         PUBLIC        IE
  D:00B8H         PUBLIC        IP
  D:00D8H         PUBLIC        CCON
  D:0098H         PUBLIC        SCON
  D:0088H         PUBLIC        TCON
  C:444FH         PUBLIC        _SPI_SendAndReceive
  D:00CDH         PUBLIC        SPSTAT
  C:4349H         PUBLIC        SPI_Init
  D:00D0H         PUBLIC        PSW
  D:00CFH         PUBLIC        SPDAT
  -------         PROC          SPI_INIT
BL51 BANKED LINKER/LOCATER V6.22                                                      08/10/2017  10:00:40  PAGE 28


  C:4349H         LINE#         15
  C:4349H         LINE#         17
  C:434CH         LINE#         19
  C:434FH         LINE#         20
  C:4352H         LINE#         22
  C:4355H         LINE#         23
  C:4358H         LINE#         24
  C:435BH         LINE#         26
  -------         ENDPROC       SPI_INIT
  -------         PROC          _SPI_SENDANDRECEIVE
  D:0007H         SYMBOL        value
  C:444FH         LINE#         28
  C:444FH         LINE#         30
  C:4451H         LINE#         31
  C:4456H         LINE#         32
  C:4459H         LINE#         33
  C:445BH         LINE#         45
  -------         ENDPROC       _SPI_SENDANDRECEIVE
  -------         ENDMOD        SPI

  -------         MODULE        TIMER
  C:0000H         SYMBOL        _ICE_DUMMY_
  D:0080H         PUBLIC        P0
  D:0090H         PUBLIC        P1
  D:00A0H         PUBLIC        P2
  D:00B0H         PUBLIC        P3
  D:00C0H         PUBLIC        P4
  D:00C8H         PUBLIC        P5
  B:00A8H.7       PUBLIC        EA
  D:00E8H         PUBLIC        P6
  D:00F8H         PUBLIC        P7
  C:45FAH         PUBLIC        Timer_Stop
  D:00A8H         PUBLIC        IE
  D:00B8H         PUBLIC        IP
  D:00D8H         PUBLIC        CCON
  C:45A8H         PUBLIC        _Timer_SetCallback
  D:0098H         PUBLIC        SCON
  D:0089H         PUBLIC        TMOD
  D:0088H         PUBLIC        TCON
  D:0065H         SYMBOL        timerCallback
  D:008EH         PUBLIC        AUXR
  D:0068H         SYMBOL        countdownBackup
  B:00A8H.1       PUBLIC        ET0
  B:0088H.5       PUBLIC        TF0
  D:008CH         PUBLIC        TH0
  D:008AH         PUBLIC        TL0
  B:0088H.4       PUBLIC        TR0
  C:4553H         PUBLIC        _Timer_SetInterval
  D:006AH         SYMBOL        countdown
  C:3D59H         SYMBOL        Timer0_Interrupt
  C:45F7H         PUBLIC        Timer_Start
  C:435CH         PUBLIC        Timer_Init
  D:00D0H         PUBLIC        PSW
  -------         PROC          TIMER0_INTERRUPT
  C:3D59H         LINE#         9
  C:3D66H         LINE#         10
  C:3D6EH         LINE#         11
BL51 BANKED LINKER/LOCATER V6.22                                                      08/10/2017  10:00:40  PAGE 29


  C:3D74H         LINE#         12
  C:3D7AH         LINE#         13
  C:3D82H         LINE#         14
  C:3D89H         LINE#         15
  C:3D89H         LINE#         16
  C:3D89H         LINE#         17
  -------         ENDPROC       TIMER0_INTERRUPT
  -------         PROC          TIMER_INIT
  C:435CH         LINE#         20
  C:435CH         LINE#         21
  C:435FH         LINE#         22
  C:4362H         LINE#         23
  C:4365H         LINE#         24
  C:4368H         LINE#         25
  C:436AH         LINE#         26
  C:436CH         LINE#         28
  C:436EH         LINE#         29
  -------         ENDPROC       TIMER_INIT
  -------         PROC          _TIMER_SETINTERVAL
  D:0006H         SYMBOL        ms
  C:4553H         LINE#         31
  C:4553H         LINE#         32
  C:4557H         LINE#         33
  C:455BH         LINE#         34
  -------         ENDPROC       _TIMER_SETINTERVAL
  -------         PROC          _TIMER_SETCALLBACK
  D:0001H         SYMBOL        callback
  C:45A8H         LINE#         36
  C:45A8H         LINE#         37
  C:45AEH         LINE#         38
  -------         ENDPROC       _TIMER_SETCALLBACK
  -------         PROC          TIMER_START
  C:45F7H         LINE#         40
  C:45F7H         LINE#         41
  C:45F9H         LINE#         42
  -------         ENDPROC       TIMER_START
  -------         PROC          TIMER_STOP
  C:45FAH         LINE#         44
  C:45FAH         LINE#         45
  C:45FCH         LINE#         46
  -------         ENDPROC       TIMER_STOP
  -------         ENDMOD        TIMER

  -------         MODULE        WIICLASSICCONTROLLER
  C:0000H         SYMBOL        _ICE_DUMMY_
  D:0080H         PUBLIC        P0
  D:0090H         PUBLIC        P1
  C:43EBH         PUBLIC        _WiiClassicController_IsKeyDown
  D:00A0H         PUBLIC        P2
  D:00B0H         PUBLIC        P3
  D:00C0H         PUBLIC        P4
  D:00C8H         PUBLIC        P5
  D:00E8H         PUBLIC        P6
  D:00F8H         PUBLIC        P7
  D:00A8H         PUBLIC        IE
  C:2ECCH         PUBLIC        WiiClassicController_Init
  D:00B8H         PUBLIC        IP
BL51 BANKED LINKER/LOCATER V6.22                                                      08/10/2017  10:00:40  PAGE 30


  C:45CBH         PUBLIC        WiiClassicController_GetLAnalogX
  C:3038H         SYMBOL        WiiClassicController_GetData
  C:45D1H         PUBLIC        WiiClassicController_GetLAnalogY
  C:0003H         PUBLIC        WiiClassicController_GetRAnalogX
  C:4580H         PUBLIC        WiiClassicController_GetRAnalogY
  D:00D8H         PUBLIC        CCON
  C:43FBH         PUBLIC        _WiiClassicController_IsKeyUp
  D:0010H         SYMBOL        prevButtons
  D:0098H         PUBLIC        SCON
  D:0088H         PUBLIC        TCON
  C:45AFH         PUBLIC        WiiClassicController_GetPtr
  C:4607H         SYMBOL        _Decrypt
  C:44FFH         PUBLIC        _WiiClassicController_IsKeyHold
  D:0012H         SYMBOL        wiiControllerData
  D:00D0H         PUBLIC        PSW
  C:455CH         PUBLIC        WiiClassicController_Read
  C:412FH         SYMBOL        Com001F
  C:412FH         SYMBOL        L?0032
  C:4135H         SYMBOL        L?0033
  C:413CH         SYMBOL        L?0034
  C:413FH         SYMBOL        L?0035
  C:4146H         SYMBOL        L?0037
  -------         PROC          COM001F
  -------         ENDPROC       COM001F
  -------         PROC          _DECRYPT
  D:0007H         SYMBOL        x
  C:4607H         LINE#         25
  C:4607H         LINE#         26
  C:4607H         LINE#         28
  -------         ENDPROC       _DECRYPT
  C:2F7FH         SYMBOL        L?0036
  -------         PROC          WIICLASSICCONTROLLER_INIT
  -------         DO            
  D:0007H         SYMBOL        result
  D:002BH         SYMBOL        buf
  D:0031H         SYMBOL        i
  -------         ENDDO         
  C:2ECCH         LINE#         30
  C:2ECCH         LINE#         35
  C:2ED5H         LINE#         37
  C:2ED8H         LINE#         38
  C:2EDBH         LINE#         39
  C:2EEAH         LINE#         40
  C:2EEDH         LINE#         42
  C:2EF0H         LINE#         44
  C:2EF3H         LINE#         45
  C:2EF6H         LINE#         46
  C:2F08H         LINE#         47
  C:2F0BH         LINE#         49
  C:2F0EH         LINE#         51
  C:2F17H         LINE#         53
  C:2F1AH         LINE#         54
  C:2F29H         LINE#         55
  C:2F2CH         LINE#         57
  C:2F3BH         LINE#         58
  C:2F3EH         LINE#         60
  C:2F47H         LINE#         61
BL51 BANKED LINKER/LOCATER V6.22                                                      08/10/2017  10:00:40  PAGE 31


  C:2F4AH         LINE#         62
  C:2F54H         LINE#         63
  C:2F5DH         LINE#         64
  C:2F66H         LINE#         65
  C:2F6FH         LINE#         67
  C:2F76H         LINE#         69
  C:2F7FH         LINE#         70
  -------         ENDPROC       WIICLASSICCONTROLLER_INIT
  -------         PROC          WIICLASSICCONTROLLER_GETDATA
  -------         DO            
  D:003BH         SYMBOL        buf
  D:0007H         SYMBOL        result
  D:0006H         SYMBOL        i
  -------         ENDDO         
  C:3038H         LINE#         72
  C:3038H         LINE#         77
  C:303BH         LINE#         78
  C:3050H         LINE#         79
  C:3053H         LINE#         81
  C:3059H         LINE#         83
  C:3068H         LINE#         84
  C:306BH         LINE#         86
  C:3080H         LINE#         88
  C:3086H         LINE#         89
  C:308CH         LINE#         91
  C:309AH         LINE#         92
  C:30A5H         LINE#         93
  C:30AFH         LINE#         95
  C:30B5H         LINE#         97
  C:30C2H         LINE#         98
  C:30CAH         LINE#         100
  C:30D0H         LINE#         102
  C:30D6H         LINE#         103
  C:30DDH         LINE#         104
  C:30E1H         LINE#         105
  C:30E7H         LINE#         106
  -------         ENDPROC       WIICLASSICCONTROLLER_GETDATA
  -------         PROC          WIICLASSICCONTROLLER_READ
  C:455CH         LINE#         108
  C:455CH         LINE#         109
  C:4562H         LINE#         110
  -------         ENDPROC       WIICLASSICCONTROLLER_READ
  -------         PROC          WIICLASSICCONTROLLER_GETPTR
  C:45AFH         LINE#         113
  C:45AFH         LINE#         114
  C:45B5H         LINE#         115
  -------         ENDPROC       WIICLASSICCONTROLLER_GETPTR
  -------         PROC          _WIICLASSICCONTROLLER_ISKEYDOWN
  D:0006H         SYMBOL        key
  C:43EBH         LINE#         117
  C:43EBH         LINE#         118
  C:43FAH         LINE#         119
  -------         ENDPROC       _WIICLASSICCONTROLLER_ISKEYDOWN
  -------         PROC          _WIICLASSICCONTROLLER_ISKEYHOLD
  D:0006H         SYMBOL        key
  C:44FFH         LINE#         121
  C:44FFH         LINE#         122
BL51 BANKED LINKER/LOCATER V6.22                                                      08/10/2017  10:00:40  PAGE 32


  C:4509H         LINE#         123
  -------         ENDPROC       _WIICLASSICCONTROLLER_ISKEYHOLD
  -------         PROC          _WIICLASSICCONTROLLER_ISKEYUP
  D:0006H         SYMBOL        key
  C:43FBH         LINE#         125
  C:43FBH         LINE#         126
  C:440AH         LINE#         127
  -------         ENDPROC       _WIICLASSICCONTROLLER_ISKEYUP
  -------         PROC          WIICLASSICCONTROLLER_GETLANALOGX
  C:45CBH         LINE#         129
  C:45CBH         LINE#         130
  C:45D0H         LINE#         131
  -------         ENDPROC       WIICLASSICCONTROLLER_GETLANALOGX
  -------         PROC          WIICLASSICCONTROLLER_GETLANALOGY
  C:45D1H         LINE#         133
  C:45D1H         LINE#         134
  C:45D6H         LINE#         135
  -------         ENDPROC       WIICLASSICCONTROLLER_GETLANALOGY
  -------         PROC          WIICLASSICCONTROLLER_GETRANALOGX
  C:0003H         LINE#         137
  C:0003H         LINE#         138
  C:000AH         LINE#         139
  -------         ENDPROC       WIICLASSICCONTROLLER_GETRANALOGX
  -------         PROC          WIICLASSICCONTROLLER_GETRANALOGY
  C:4580H         LINE#         141
  C:4580H         LINE#         142
  C:4587H         LINE#         143
  -------         ENDPROC       WIICLASSICCONTROLLER_GETRANALOGY
  -------         ENDMOD        WIICLASSICCONTROLLER

  -------         MODULE        LCM12864
  C:0000H         SYMBOL        _ICE_DUMMY_
  C:01F6H         PUBLIC        string30
  C:0136H         PUBLIC        string21
  C:00F2H         PUBLIC        string12
  C:0062H         PUBLIC        string03
  D:0092H         PUBLIC        P1M0
  C:032CH         PUBLIC        string40
  C:0200H         PUBLIC        string31
  C:013AH         PUBLIC        string22
  C:00F6H         PUBLIC        string13
  C:006CH         PUBLIC        string04
  D:0091H         PUBLIC        P1M1
  D:0080H         PUBLIC        P0
  C:038CH         PUBLIC        string50
  C:0330H         PUBLIC        string41
  C:0204H         PUBLIC        string32
  C:013EH         PUBLIC        string23
  C:00FAH         PUBLIC        string14
  C:0076H         PUBLIC        string05
  C:39CEH         PUBLIC        _LCM12864_GetStrLenFromIdx
  D:0090H         PUBLIC        P1
  C:0398H         PUBLIC        string51
  C:0334H         PUBLIC        string42
  C:0208H         PUBLIC        string33
  C:0142H         PUBLIC        string24
  C:00FEH         PUBLIC        string15
BL51 BANKED LINKER/LOCATER V6.22                                                      08/10/2017  10:00:40  PAGE 33


[...]
  D:0027H         SYMBOL        tly
  D:0029H         SYMBOL        trx
  D:002BH         SYMBOL        try
  -------         DO            
  D:002DH         SYMBOL        len
  D:002FH         SYMBOL        strRatio
  D:0035H         SYMBOL        strOffset
  -------         ENDDO         
  -------         ENDDO         
  -------         ENDDO         
  C:1CF9H         LINE#         22
  C:1CF9H         LINE#         23
  C:1CFFH         LINE#         24
  C:1D02H         LINE#         26
  C:1D05H         LINE#         28
  C:1D0AH         LINE#         29
  C:1D0DH         LINE#         31
  C:1D0DH         LINE#         32
  C:1D1EH         LINE#         33
  C:1D1EH         LINE#         34
  C:1D2FH         LINE#         37
  C:1D3DH         LINE#         38
  C:1D40H         LINE#         39
  C:1D4CH         LINE#         40
  C:1D58H         LINE#         41
  C:1D5BH         LINE#         42
  C:1D67H         LINE#         44
  C:1D6EH         LINE#         45
  C:1D7BH         LINE#         47
  C:1D80H         LINE#         48
  C:1D8DH         LINE#         50
  C:1D99H         LINE#         51
  C:1DB6H         LINE#         53
  C:1DC2H         LINE#         54
  C:1DEEH         LINE#         55
  C:1DEEH         LINE#         56
  C:1DF1H         LINE#         58
  C:1DF4H         LINE#         60
  C:1DFDH         LINE#         61
  C:1E02H         LINE#         62
  C:1E05H         LINE#         63
  C:1E08H         LINE#         64
  C:1E08H         LINE#         65
  C:1E0DH         LINE#         66
  C:1E10H         LINE#         67
BL51 BANKED LINKER/LOCATER V6.22                                                      08/10/2017  10:00:40  PAGE 65


  C:1E13H         LINE#         68
  C:1E13H         LINE#         69
  C:1E13H         LINE#         70
  C:1E1CH         LINE#         71
  C:1E21H         LINE#         72
  C:1E24H         LINE#         73
  C:1E27H         LINE#         74
  C:1E27H         LINE#         75
  C:1E2CH         LINE#         76
  C:1E2FH         LINE#         77
  C:1E32H         LINE#         78
  C:1E32H         LINE#         79
  C:1E32H         LINE#         80
  C:1E3BH         LINE#         81
  C:1E44H         LINE#         82
  C:1E47H         LINE#         83
  C:1E4AH         LINE#         84
  C:1E4AH         LINE#         85
  C:1E53H         LINE#         86
  C:1E56H         LINE#         87
  C:1E59H         LINE#         88
  C:1E59H         LINE#         89
  C:1E59H         LINE#         90
  C:1E62H         LINE#         91
  C:1E6BH         LINE#         92
  C:1E6EH         LINE#         93
  C:1E71H         LINE#         94
  C:1E71H         LINE#         95
  C:1E7AH         LINE#         96
  C:1E7DH         LINE#         97
  C:1E80H         LINE#         98
  C:1E80H         LINE#         99
  C:1E80H         LINE#         100
  C:1E89H         LINE#         101
  C:1E8CH         LINE#         103
  C:1E8CH         LINE#         104
  C:1E8EH         LINE#         106
  C:1E8EH         LINE#         107
  C:1E97H         LINE#         108
  C:1E9AH         LINE#         109
  C:1E9DH         LINE#         111
  C:1E9DH         LINE#         113
  C:1EA3H         LINE#         114
  C:1EAEH         LINE#         115
  C:1EB9H         LINE#         116
  C:1EC4H         LINE#         117
  C:1ECFH         LINE#         118
  C:1ED1H         LINE#         119
  C:1EDCH         LINE#         120
  C:1EE7H         LINE#         121
  C:1EF2H         LINE#         122
  C:1EFDH         LINE#         123
  C:1EFDH         LINE#         124
  C:1F03H         LINE#         125
  C:1F0EH         LINE#         126
  C:1F19H         LINE#         127
  C:1F19H         LINE#         128
BL51 BANKED LINKER/LOCATER V6.22                                                      08/10/2017  10:00:40  PAGE 66


  C:1F1FH         LINE#         129
  C:1F2AH         LINE#         130
  C:1F35H         LINE#         131
  C:1F35H         LINE#         132
  C:1F43H         LINE#         133
  C:1F50H         LINE#         134
  C:1F5FH         LINE#         135
  C:1F6EH         LINE#         136
  C:1F7BH         LINE#         137
  C:1F88H         LINE#         138
  C:1F96H         LINE#         139
  C:1FA9H         LINE#         140
  C:1FB7H         LINE#         141
  C:1FCAH         LINE#         142
  C:1FD8H         LINE#         143
  C:1FE5H         LINE#         144
  C:1FF4H         LINE#         145
  C:2003H         LINE#         146
  C:2010H         LINE#         147
  C:201DH         LINE#         148
  C:202BH         LINE#         149
  C:203EH         LINE#         150
  C:204CH         LINE#         151
  C:205FH         LINE#         152
  C:2066H         LINE#         153
  C:206CH         LINE#         154
  C:2072H         LINE#         155
  C:2078H         LINE#         156
  C:207BH         LINE#         157
  -------         ENDPROC       MODULEANALOGCALIBRATION
  -------         ENDMOD        MODULEANALOGCALIBRATION

  -------         MODULE        MODULETURBOSETTING
  C:0000H         SYMBOL        _ICE_DUMMY_
  D:0080H         PUBLIC        P0
  D:0090H         PUBLIC        P1
  D:00A0H         PUBLIC        P2
  D:00B0H         PUBLIC        P3
  D:00C0H         PUBLIC        P4
  D:00C8H         PUBLIC        P5
  D:00E8H         PUBLIC        P6
  D:00F8H         PUBLIC        P7
  D:00A8H         PUBLIC        IE
  C:38CAH         SYMBOL        Init
  D:00B8H         PUBLIC        IP
  D:00D8H         PUBLIC        CCON
  C:2DC1H         SYMBOL        items
  C:2DFAH         SYMBOL        freq
  D:0098H         PUBLIC        SCON
  D:0088H         PUBLIC        TCON
  C:2DCAH         SYMBOL        wiiButtons
  C:23D0H         PUBLIC        ModuleTurboSetting
  D:00D0H         PUBLIC        PSW
  C:41E7H         SYMBOL        Com0028
  C:41E7H         SYMBOL        L?0041
  C:41E8H         SYMBOL        L?0042
  C:41F1H         SYMBOL        L?0043
BL51 BANKED LINKER/LOCATER V6.22                                                      08/10/2017  10:00:40  PAGE 67


  C:41F1H         SYMBOL        L?0044
  C:41FBH         SYMBOL        L?0045
  C:41FBH         SYMBOL        L?0046
  -------         PROC          COM0028
  -------         ENDPROC       COM0028
  -------         PROC          INIT
  -------         DO            
  D:0027H         SYMBOL        len
  -------         ENDDO         
  C:38CAH         LINE#         44
  C:38CAH         LINE#         45
  C:38CDH         LINE#         47
  C:38CDH         LINE#         48
  C:38D8H         LINE#         49
  C:38F0H         LINE#         50
  C:3909H         LINE#         51
  -------         ENDPROC       INIT
  -------         PROC          MODULETURBOSETTING
  -------         DO            
  D:0022H         SYMBOL        offset
  D:0024H         SYMBOL        selectedItem
  -------         DO            
  D:0025H         SYMBOL        len
  -------         ENDDO         
  -------         ENDDO         
  C:23D0H         LINE#         55
  C:23D0H         LINE#         56
  C:23D6H         LINE#         57
  C:23D9H         LINE#         59
  C:23DCH         LINE#         61
  C:23DCH         LINE#         62
  C:23DCH         LINE#         63
  C:23EDH         LINE#         65
  C:23FBH         LINE#         66
  C:240AH         LINE#         68
  C:2418H         LINE#         69
  C:2424H         LINE#         70
  C:2424H         LINE#         71
  C:2424H         LINE#         72
  C:2432H         LINE#         73
  C:244BH         LINE#         74
  C:244DH         LINE#         75
  C:244DH         LINE#         76
  C:245FH         LINE#         77
  C:245FH         LINE#         78
  C:245FH         LINE#         80
  C:246DH         LINE#         81
  C:248DH         LINE#         83
  C:2499H         LINE#         84
  C:24BFH         LINE#         85
  C:24BFH         LINE#         86
  C:24C2H         LINE#         88
  C:24C5H         LINE#         90
  C:24CEH         LINE#         91
  C:24D0H         LINE#         92
  C:24DCH         LINE#         93
  C:24DCH         LINE#         94
BL51 BANKED LINKER/LOCATER V6.22                                                      08/10/2017  10:00:40  PAGE 68


  C:24E5H         LINE#         95
  C:24E7H         LINE#         96
  C:24F2H         LINE#         97
  C:24F2H         LINE#         98
  C:24FBH         LINE#         99
  C:2507H         LINE#         100
  C:2507H         LINE#         101
  C:250AH         LINE#         102
  C:250FH         LINE#         103
  C:2511H         LINE#         104
  C:2511H         LINE#         105
  C:2514H         LINE#         106
  C:251CH         LINE#         107
  C:251EH         LINE#         108
  C:251EH         LINE#         109
  C:2521H         LINE#         110
  C:2529H         LINE#         111
  C:2529H         LINE#         112
  C:2529H         LINE#         113
  C:2529H         LINE#         114
  C:2532H         LINE#         115
  C:253EH         LINE#         116
  C:253EH         LINE#         117
  C:2541H         LINE#         118
  C:254AH         LINE#         119
  C:254CH         LINE#         120
  C:254CH         LINE#         121
  C:254FH         LINE#         122
  C:2558H         LINE#         123
  C:255AH         LINE#         124
  C:255AH         LINE#         125
  C:255DH         LINE#         126
  C:2566H         LINE#         127
  C:2566H         LINE#         128
  C:2566H         LINE#         129
  C:2566H         LINE#         130
  C:256FH         LINE#         131
  C:2572H         LINE#         133
  C:2574H         LINE#         135
  C:2574H         LINE#         136
  C:2580H         LINE#         137
  C:2583H         LINE#         139
  C:2583H         LINE#         140
  C:2583H         LINE#         141
  -------         ENDPROC       MODULETURBOSETTING
  -------         ENDMOD        MODULETURBOSETTING

  -------         MODULE        ?C?COPY
  C:175AH         PUBLIC        ?C?COPY
  -------         ENDMOD        ?C?COPY

  -------         MODULE        ?C?CLDPTR
  C:1780H         PUBLIC        ?C?CLDPTR
  -------         ENDMOD        ?C?CLDPTR

  -------         MODULE        ?C?CLDOPTR
  C:1799H         PUBLIC        ?C?CLDOPTR
BL51 BANKED LINKER/LOCATER V6.22                                                      08/10/2017  10:00:40  PAGE 69


  -------         ENDMOD        ?C?CLDOPTR

  -------         MODULE        ?C?CSTPTR
  C:17C6H         PUBLIC        ?C?CSTPTR
  -------         ENDMOD        ?C?CSTPTR

  -------         MODULE        ?C?CSTOPTR
  C:17D8H         PUBLIC        ?C?CSTOPTR
  -------         ENDMOD        ?C?CSTOPTR

  -------         MODULE        ?C?IMUL
  C:17FAH         PUBLIC        ?C?IMUL
  -------         ENDMOD        ?C?IMUL

  -------         MODULE        ?C?UIDIV
  C:180CH         PUBLIC        ?C?UIDIV
  -------         ENDMOD        ?C?UIDIV

  -------         MODULE        ?C?ILDOPTR
  C:1861H         PUBLIC        ?C?ILDOPTR
  -------         ENDMOD        ?C?ILDOPTR

  -------         MODULE        ?C?ICALL
  C:1899H         PUBLIC        ?C?ICALL
  C:189DH         PUBLIC        ?C?ICALL2
  -------         ENDMOD        ?C?ICALL

  -------         MODULE        ?C?STRCMP
  C:1A1DH         PUBLIC        ?C?STRCMP
  -------         ENDMOD        ?C?STRCMP

  -------         MODULE        ?C?STRCPY
  C:1B06H         PUBLIC        ?C?STRCPY
  -------         ENDMOD        ?C?STRCPY

  -------         MODULE        STRLEN
  C:42AAH         PUBLIC        _STRLEN
  -------         ENDMOD        STRLEN

  -------         MODULE        ?C?MEMCMP
  C:1CA9H         PUBLIC        ?C?MEMCMP
  -------         ENDMOD        ?C?MEMCMP

  -------         MODULE        ?C?MEMSET
  C:1CCDH         PUBLIC        ?C?MEMSET
  -------         ENDMOD        ?C?MEMSET



FUNCTION REGISTER MASKS


FUNCTION . . . . . . . . . . . . . . REG MASK
---------------------------------------------

CONTROLLER_ISCONNECTED . . . . . . . @0xf300
CONTROLLER_READ. . . . . . . . . . . @0xf3ff
BL51 BANKED LINKER/LOCATER V6.22                                                      08/10/2017  10:00:40  PAGE 70


CTRINTERFACE_INIT. . . . . . . . . . @0x8000
CTRINTERFACE_PREPARE . . . . . . . . @0xf373
CTRINTERFACE_UPDATE. . . . . . . . . @0xf7ff
I2C_GETACK . . . . . . . . . . . . . @0xf00d
I2C_PUTACK . . . . . . . . . . . . . @0xd001
I2C_READ . . . . . . . . . . . . . . @0xf007
I2C_START. . . . . . . . . . . . . . @0xc001
I2C_STOP . . . . . . . . . . . . . . @0xe00d
IAP_IDLE . . . . . . . . . . . . . . @0xe000
IST3932_INIT . . . . . . . . . . . . @0xe00f
IST3932_REFRESH. . . . . . . . . . . @0xf71f
LCM12864_BACKLIGHT . . . . . . . . . @0x9000
LCM12864_CLEAR . . . . . . . . . . . @0xbfff
LCM12864_INIT. . . . . . . . . . . . @0xe00f
LCM12864_REFRESH . . . . . . . . . . @0xf71f
MODULEGENERIC. . . . . . . . . . . . @0xf7ff
NRF24L01_INIT. . . . . . . . . . . . @0xc000
NRF24L01_RX_MODE . . . . . . . . . . @0xf3f7
NRF24L01_TX_MODE . . . . . . . . . . @0xf3f7
PWM_INIT . . . . . . . . . . . . . . @0xe300
PWM_START. . . . . . . . . . . . . . @0xc000
PWM_STOP . . . . . . . . . . . . . . @0xc000
SAVEDATA_FLUSH . . . . . . . . . . . @0xf37f
SAVEDATA_READ. . . . . . . . . . . . @0xf37b
SOFTRESET. . . . . . . . . . . . . . @0x8000
SPI_INIT . . . . . . . . . . . . . . @0xe000
TIMER_INIT . . . . . . . . . . . . . @0xc000
TIMER_START. . . . . . . . . . . . . @0x8000
TIMER_STOP . . . . . . . . . . . . . @0xc000
UART_INIT. . . . . . . . . . . . . . @0xc000
WIICLASSICCONTROLLER_GETLANALOGX . . @0xf001
WIICLASSICCONTROLLER_GETLANALOGY . . @0xf001
WIICLASSICCONTROLLER_GETPTR. . . . . @0x8070
WIICLASSICCONTROLLER_GETRANALOGX . . @0xf001
WIICLASSICCONTROLLER_GETRANALOGY . . @0xf001
WIICLASSICCONTROLLER_READ. . . . . . @0xf3ff
_DEC2STRING. . . . . . . . . . . . . @0xf7ff
_DELAY . . . . . . . . . . . . . . . @0xe00b
_DELAY10US . . . . . . . . . . . . . @0xe003
_HEX2STRING. . . . . . . . . . . . . @0xf383
_I2C_GETS. . . . . . . . . . . . . . @0xf3ff
_I2C_PUTS. . . . . . . . . . . . . . @0xf3ff
_I2C_WRITE . . . . . . . . . . . . . @0xf007
_IAP_ERASESECTOR . . . . . . . . . . @0xe000
_IAP_PROGRAMBYTE . . . . . . . . . . @0xe000
_IAP_READBYTE. . . . . . . . . . . . @0xe001
_IST3932_DRAWCHAR. . . . . . . . . . @0xf78f
_IST3932_DRAWPIXEL . . . . . . . . . @0xf7ab
_IST3932_FILLRECT. . . . . . . . . . @0xf7ef
_LCM12864_DRAWCIRCLE . . . . . . . . @0xf7ff
_LCM12864_DRAWLINE . . . . . . . . . @0xf7ff
_LCM12864_DRAWPIXEL. . . . . . . . . @0xf7ab
_LCM12864_FILLRECT . . . . . . . . . @0xf7ef
_LCM12864_GETSTRLENFROMIDX . . . . . @0xf7ff
_LCM12864_SENDCOMMAND. . . . . . . . @0xe001
_LCM12864_SENDDATA . . . . . . . . . @0xe001
_NRF24L01_RECV . . . . . . . . . . . @0xf3ff
BL51 BANKED LINKER/LOCATER V6.22                                                      08/10/2017  10:00:40  PAGE 71


_NRF24L01_SEND . . . . . . . . . . . @0xf3ff
_NRF24L01_SPI_READ . . . . . . . . . @0xe001
_NRF24L01_SPI_READ_BUF . . . . . . . @0xf3f7
_NRF24L01_SPI_WRITE. . . . . . . . . @0xe007
_NRF24L01_SPI_WRITE_BUF. . . . . . . @0xf3f7
_NRF24L01_TESTREG. . . . . . . . . . @0xe001
_PWM_SETCHANNELSTATUS. . . . . . . . @0xe001
_PWM_SETDUTY . . . . . . . . . . . . @0xf322
_SPI_SENDANDRECEIVE. . . . . . . . . @0xa001
_TIMER_SETCALLBACK . . . . . . . . . @0x8000
_TIMER_SETINTERVAL . . . . . . . . . @0x8000
_UART_RECV . . . . . . . . . . . . . @0xf301
_UART_SEND . . . . . . . . . . . . . @0xf303
_WIICLASSICCONTROLLER_ISKEYDOWN. . . @0xf00e
_WIICLASSICCONTROLLER_ISKEYHOLD. . . @0xf002
_WIICLASSICCONTROLLER_ISKEYUP. . . . @0xf00e



RE-TRANSLATION LIST FOR OPTIMAL REGISTER MASKS


MESSAGE                         MODULE
   INFORMATION
--------------------------------------

** RE-TRANSLATION REQUIRED **   Controller.obj (CONTROLLER)
   REG MASK (@0xf3ff) IS TOO OPTIMISTIC FOR FUNCTION '_I2C_CHECKSLAVEVALIDITY'
   REG MASK (@0xf3ff) IS TOO OPTIMISTIC FOR FUNCTION 'WIICLASSICCONTROLLER_INIT'

*** WARNING L16: UNCALLED SEGMENT, IGNORED FOR OVERLAY PROCESS
    SEGMENT: ?PR?_UART_SEND?UART

*** WARNING L16: UNCALLED SEGMENT, IGNORED FOR OVERLAY PROCESS
    SEGMENT: ?PR?_UART_RECV?UART

*** WARNING L16: UNCALLED SEGMENT, IGNORED FOR OVERLAY PROCESS
    SEGMENT: ?PR?_UART_DEC?UART

*** WARNING L16: UNCALLED SEGMENT, IGNORED FOR OVERLAY PROCESS
    SEGMENT: ?PR?_WIICLASSICCONTROLLER_ISKEYUP?WIICLASSICCONTROLLER

*** WARNING L16: UNCALLED SEGMENT, IGNORED FOR OVERLAY PROCESS
    SEGMENT: ?PR?_LCM12864_DRAWLINE?LCM12864

*** WARNING L16: UNCALLED SEGMENT, IGNORED FOR OVERLAY PROCESS
    SEGMENT: ?PR?_LCM12864_DRAWCIRCLE?LCM12864

*** WARNING L16: UNCALLED SEGMENT, IGNORED FOR OVERLAY PROCESS
    SEGMENT: ?PR?SAVEDATA_DUMP?SAVEDATA

*** WARNING L16: UNCALLED SEGMENT, IGNORED FOR OVERLAY PROCESS
    SEGMENT: ?PR?SAVEDATA_RESTORE?SAVEDATA

*** WARNING L16: UNCALLED SEGMENT, IGNORED FOR OVERLAY PROCESS
    SEGMENT: ?PR?NRF24L01_TX_MODE?NRF24L01

BL51 BANKED LINKER/LOCATER V6.22                                                      08/10/2017  10:00:40  PAGE 72


*** WARNING L16: UNCALLED SEGMENT, IGNORED FOR OVERLAY PROCESS
    SEGMENT: ?PR?_NRF24L01_SEND?NRF24L01

*** WARNING L16: UNCALLED SEGMENT, IGNORED FOR OVERLAY PROCESS
    SEGMENT: ?PR?_NRF24L01_TESTREG?NRF24L01

*** WARNING L16: UNCALLED SEGMENT, IGNORED FOR OVERLAY PROCESS
    SEGMENT: ?PR?IST3932_SLEEP?IST3932

*** WARNING L16: UNCALLED SEGMENT, IGNORED FOR OVERLAY PROCESS
    SEGMENT: ?PR?IST3932_OSC?IST3932

*** WARNING L16: UNCALLED SEGMENT, IGNORED FOR OVERLAY PROCESS
    SEGMENT: ?PR?_IST3932_SETSTARTINGLINE?IST3932

*** WARNING L16: UNCALLED SEGMENT, IGNORED FOR OVERLAY PROCESS
    SEGMENT: ?PR?IST3932_SOFTRESET?IST3932

*** WARNING L16: UNCALLED SEGMENT, IGNORED FOR OVERLAY PROCESS
    SEGMENT: ?PR?IST3932_NOP?IST3932

*** ERROR L107: ADDRESS SPACE OVERFLOW
    SPACE:   DATA    
    SEGMENT: ?DT?MAIN
    LENGTH:  0001H

*** ERROR L107: ADDRESS SPACE OVERFLOW
    SPACE:   DATA    
    SEGMENT: ?DT?MODULECOUNTDOWN
    LENGTH:  0001H

*** WARNING L1: UNRESOLVED EXTERNAL SYMBOL
    SYMBOL:  MODULEDEVICESETTING
    MODULE:  main.obj (MAIN)

*** ERROR L105: PUBLIC REFERS TO IGNORED SEGMENT
    SYMBOL:  CURRENTMODULE
    SEGMENT: ?DT?MAIN

*** WARNING L2: REFERENCE MADE TO UNRESOLVED EXTERNAL
    SYMBOL:  MODULEDEVICESETTING
    MODULE:  main.obj (MAIN)
    ADDRESS: 34BDH

*** ERROR L118: REFERENCE MADE TO ERRONEOUS EXTERNAL
    SYMBOL:  CURRENTMODULE
    MODULE:  ModuleConnect.obj (MODULECONNECT)
    ADDRESS: 381EH

*** ERROR L118: REFERENCE MADE TO ERRONEOUS EXTERNAL
    SYMBOL:  CURRENTMODULE
    MODULE:  ModuleCountdown.obj (MODULECOUNTDOWN)
    ADDRESS: 3B01H

*** ERROR L118: REFERENCE MADE TO ERRONEOUS EXTERNAL
    SYMBOL:  CURRENTMODULE
    MODULE:  ModuleCountdown.obj (MODULECOUNTDOWN)
BL51 BANKED LINKER/LOCATER V6.22                                                      08/10/2017  10:00:40  PAGE 73


    ADDRESS: 3B0CH

*** ERROR L118: REFERENCE MADE TO ERRONEOUS EXTERNAL
    SYMBOL:  CURRENTMODULE
    MODULE:  ModuleConfigMenu.obj (MODULECONFIGMENU)
    ADDRESS: 2C4DH

*** ERROR L118: REFERENCE MADE TO ERRONEOUS EXTERNAL
    SYMBOL:  CURRENTMODULE
    MODULE:  ModuleConfigMenu.obj (MODULECONFIGMENU)
    ADDRESS: 2C5CH

*** ERROR L118: REFERENCE MADE TO ERRONEOUS EXTERNAL
    SYMBOL:  CURRENTMODULE
    MODULE:  ModuleKeyMapping.obj (MODULEKEYMAPPING)
    ADDRESS: 289FH

*** ERROR L118: REFERENCE MADE TO ERRONEOUS EXTERNAL
    SYMBOL:  CURRENTMODULE
    MODULE:  ModuleAnalogMapping.obj (MODULEANALOGMAPPING)
    ADDRESS: 2A1AH

*** ERROR L118: REFERENCE MADE TO ERRONEOUS EXTERNAL
    SYMBOL:  CURRENTMODULE
    MODULE:  ModuleAnalogCalibration.obj (MODULEANALOGCALIBRATION)
    ADDRESS: 1E98H

*** ERROR L118: REFERENCE MADE TO ERRONEOUS EXTERNAL
    SYMBOL:  CURRENTMODULE
    MODULE:  ModuleTurboSetting.obj (MODULETURBOSETTING)
    ADDRESS: 2581H

*** APPLICATION REQUIRES RE-TRANSLATIONS! ***

Program Size: data=130.3 xdata=1618 code=17929
LINK/LOCATE RUN COMPLETE.  18 WARNING(S),  12 ERROR(S)
