C51 COMPILER V9.52.0.0   UTILITY                                                           08/10/2017 10:00:37 PAGE 1   


C51 COMPILER V9.52.0.0, COMPILATION OF MODULE UTILITY
OBJECT MODULE PLACED IN Utility.OBJ
COMPILER INVOKED BY: C:\Keil\C51\BIN\C51.EXE Utility.c OPTIMIZE(9,SPEED) REGFILE(.\3DSWiiPlus.ORC) BROWSE DEFINE(LCM_DRI
                    -VER_IST3932) DEBUG OBJECTEXTEND

line level    source

   1          #include <INTRINS.H>
   2          #include "Utility.h"
   3          
   4          
   5          // 下面两个延时都是基于30MHz的主频，STC-Y5指令集
   6          void Delay10us(u8 us){
   7   1              while(us--){
   8   2                      u8 i = 72;
   9   2                      _nop_();
  10   2                      _nop_();
  11   2                      while(--i);
  12   2              }
  13   1      }
  14          
  15          void Delay(u16 ms){
  16   1              while(ms--){
  17   2                      u8 i = 30, j = 43;
  18   2                      do{
  19   3                              while(--j);
  20   3                      }while(--i);
  21   2              }
  22   1      }
  23          
  24          void SoftReset(){
  25   1              IAP_CONTR = 0x20;
  26   1      }
  27          
  28          u8 Dec2String(u8 dec, u8* strBuf){
  29   1              u8 _2 = dec / 100;
  30   1              u8 _1 = (dec - _2 * 100) / 10;
  31   1              u8 _0 = dec - _2 * 100 - _1 * 10;
  32   1              if(_2){
  33   2                      strBuf[0] = _2 + '0';
  34   2                      strBuf[1] = _1 + '0';
  35   2                      strBuf[2] = _0 + '0';
  36   2                      strBuf[3] = 0;
  37   2                      return 3;
  38   2              }else if(_1){
  39   2                      strBuf[0] = _1 + '0';
  40   2                      strBuf[1] = _0 + '0';
  41   2                      strBuf[2] = 0;
  42   2                      return 2;
  43   2              }else{
  44   2                      strBuf[0] = _0 + '0';
  45   2                      strBuf[1] = 0;
  46   2                      return 1;
  47   2              }
  48   1      }
  49          
  50          u8 Hex2String(u8 hex, u8* strBuf){
  51   1              u8 hi = (hex >> 4) & 0xF;
  52   1              u8 lo = hex & 0xF;
  53   1              strBuf[0] = ((hi>9)?(hi-10+'A'):(hi+'0'));
  54   1              strBuf[1] = ((lo>9)?(lo-10+'A'):(lo+'0'));
C51 COMPILER V9.52.0.0   UTILITY                                                           08/10/2017 10:00:37 PAGE 2   

  55   1              strBuf[2] = 0;
  56   1              return 2;
  57   1      }


MODULE INFORMATION:   STATIC OVERLAYABLE
   CODE SIZE        =    257    ----
   CONSTANT SIZE    =   ----    ----
   XDATA SIZE       =   ----    ----
   PDATA SIZE       =   ----    ----
   DATA SIZE        =   ----       7
   IDATA SIZE       =   ----    ----
   BIT SIZE         =   ----    ----
END OF MODULE INFORMATION.


C51 COMPILATION COMPLETE.  0 WARNING(S),  0 ERROR(S)
